---
source: src/test.rs
expression: to_value(&4i32)

---
Ok(
    Value {
        value: Primitive(
            Int(
                4,
            ),
        ),
        tag: Tag {
            anchor: None,
            span: Span {
                start: 0,
                end: 0,
            },
        },
    },
)
