=== accept/alias/alias-of-wrapped-command-takes-external-arguments.nu
shape shape_internalcall 62..65 "def"
shape shape_flag 66..75 "--wrapped"
shape shape_string 76..77 "f"
shape shape_signature 78..87 "[...rest]"
shape shape_closure 88..90 "{}"
shape shape_internalcall 91..96 "alias"
shape shape_string 97..98 "g"
shape shape_keyword 99..100 "="
shape shape_internalcall 101..102 "f"
shape shape_externalarg 103..105 "-e"
shape shape_internalcall 106..107 "g"
shape shape_externalarg 103..105 "-e"
shape shape_externalarg 108..112 "'x'$"
ir main
  # 3 registers, 16 instructions, 4 bytes of data
     0: load-literal           %0, empty
     1: drain                  %0
     2: load-literal           %0, empty
     3: load-literal           %0, empty
     4: load-literal           %0, empty
     5: drain                  %0
     6: load-literal           %0, empty
     7: load-literal           %0, empty
     8: load-literal           %1, glob-pattern("-e", no_expand = false)
     9: load-literal           %2, glob-pattern("x$", no_expand = false)
    10: push-positional        %1
    11: push-positional        %2
    12: redirect-out           caller
    13: redirect-err           caller
    14: call                   decl "f", %0
    15: return                 %0
ir #0
  # 1 register, 1 instruction, 0 bytes of data
     0: return                 %0
=== accept/alias/builtin-shadow.nu
shape shape_internalcall 0..5 "alias"
shape shape_string 6..8 "cd"
shape shape_keyword 9..10 "="
shape shape_internalcall 11..15 "echo"
ir main
  # 1 register, 2 instructions, 0 bytes of data
     0: load-literal           %0, empty
     1: return                 %0
=== accept/alias/call-before-alias-is-unknown.nu
shape shape_external 0..1 "g"
shape shape_externalarg 2..5 "0b2"
shape shape_internalcall 6..11 "alias"
shape shape_string 12..13 "g"
shape shape_keyword 14..15 "="
shape shape_internalcall 16..20 "echo"
ir main
  # 3 registers, 10 instructions, 4 bytes of data
     0: load-literal           %1, glob-pattern("g", no_expand = false)
     1: load-literal           %2, glob-pattern("0b2", no_expand = false)
     2: push-positional        %1
     3: push-positional        %2
     4: call                   decl "run-external", %0
     5: drain                  %0
     6: load-literal           %0, empty
     7: load-literal           %0, empty
     8: load-literal           %0, empty
     9: return                 %0
=== accept/alias/call-to-external-alias-is-external.nu
shape shape_internalcall 0..5 "alias"
shape shape_string 6..7 "g"
shape shape_keyword 8..9 "="
shape shape_external 10..13 "git"
shape shape_external 10..13 "git"
shape shape_externalarg 16..19 "log"
shape shape_externalarg 20..33 "0b2d1f4..HEAD"
ir main
  # 4 registers, 14 instructions, 19 bytes of data
     0: load-literal           %0, empty
     1: drain                  %0
     2: load-literal           %0, empty
     3: load-literal           %0, empty
     4: load-literal           %1, glob-pattern("git", no_expand = false)
     5: load-literal           %2, glob-pattern("log", no_expand = false)
     6: load-literal           %3, glob-pattern("0b2d1f4..HEAD", no_expand = false)
     7: push-positional        %1
     8: push-positional        %2
     9: push-positional        %3
    10: redirect-out           caller
    11: redirect-err           caller
    12: call                   decl "run-external", %0
    13: return                 %0
=== accept/alias/export-alias-without-equals.nu
shape shape_internalcall 0..12 "export alias"
shape shape_string 13..14 "h"
shape shape_garbage 15..19 "home"
shape shape_keyword 15..19 "home"
ir main
  # 1 register, 2 instructions, 0 bytes of data
     0: load-literal           %0, empty
     1: return                 %0
=== accept/alias/export-alias-without-target.nu
shape shape_internalcall 0..12 "export alias"
shape shape_string 13..14 "x"
shape shape_garbage 15..16 "="
shape shape_keyword 15..16 "="
ir main
  # 1 register, 2 instructions, 0 bytes of data
     0: load-literal           %0, empty
     1: return                 %0
=== accept/alias/external-target.nu
shape shape_internalcall 0..5 "alias"
shape shape_string 6..9 "ext"
shape shape_keyword 10..11 "="
shape shape_external 13..15 "nu"
shape shape_externalarg 16..25 "--version"
ir main
  # 1 register, 2 instructions, 0 bytes of data
     0: load-literal           %0, empty
     1: return                 %0
=== accept/alias/help-before-equals.nu
shape shape_internalcall 0..5 "alias"
shape shape_flag 6..12 "--help"
shape shape_garbage 12..13 " "
shape shape_keyword 13..14 "="
shape shape_internalcall 15..17 "ls"
ir main
  # 2 registers, 5 instructions, 17 bytes of data
     0: load-literal           %1, string("alias")
     1: push-positional        %1
     2: push-parser-info       "help_decl_id", Expression { expr: Int(0), span: Span[148075..148080], span_id: SpanId(0), ty: Int }
     3: call                   decl "help", %0
     4: return                 %0
=== accept/alias/help-flag.nu
shape shape_internalcall 0..5 "alias"
shape shape_flag 6..12 "--help"
ir main
  # 2 registers, 5 instructions, 17 bytes of data
     0: load-literal           %1, string("alias")
     1: push-positional        %1
     2: push-parser-info       "help_decl_id", Expression { expr: Int(0), span: Span[148075..148080], span_id: SpanId(0), ty: Int }
     3: call                   decl "help", %0
     4: return                 %0
=== accept/alias/keyword-target.nu
shape shape_internalcall 0..5 "alias"
shape shape_string 6..7 "i"
shape shape_keyword 8..9 "="
shape shape_garbage 10..12 "if"
ir main
  # 1 register, 2 instructions, 0 bytes of data
     0: load-literal           %0, empty
     1: return                 %0
=== accept/alias/lone-dash-name.nu
shape shape_internalcall 0..5 "alias"
shape shape_string 6..7 "-"
shape shape_keyword 8..9 "="
shape shape_internalcall 10..12 "ls"
ir main
  # 1 register, 2 instructions, 0 bytes of data
     0: load-literal           %0, empty
     1: return                 %0
=== accept/alias/multiword-target.nu
shape shape_internalcall 0..3 "def"
shape shape_string 4..13 "\"foo bar\""
shape shape_signature 14..21 "[$x $y]"
shape shape_closure 22..24 "{ "
shape shape_variable 24..26 "$x"
shape shape_operator 27..28 "+"
shape shape_variable 29..31 "$y"
shape shape_operator 32..33 "+"
shape shape_int 34..36 "10"
shape shape_closure 36..38 " }"
shape shape_internalcall 39..44 "alias"
shape shape_string 45..46 "f"
shape shape_keyword 47..48 "="
shape shape_internalcall 49..56 "foo bar"
shape shape_int 57..59 "33"
shape shape_internalcall 60..61 "f"
shape shape_int 57..59 "33"
shape shape_int 62..65 "100"
ir main
  # 3 registers, 16 instructions, 0 bytes of data
     0: load-literal           %0, empty
     1: drain                  %0
     2: load-literal           %0, empty
     3: load-literal           %0, empty
     4: load-literal           %0, empty
     5: drain                  %0
     6: load-literal           %0, empty
     7: load-literal           %0, empty
     8: load-literal           %1, int(33)
     9: load-literal           %2, int(100)
    10: push-positional        %1
    11: push-positional        %2
    12: redirect-out           caller
    13: redirect-err           caller
    14: call                   decl "foo bar", %0
    15: return                 %0
ir #0
  # 2 registers, 8 instructions, 0 bytes of data
     0: load-variable          %0, var #2
     1: load-variable          %1, var #3
     2: binary-op              %0, Math(Add), %1
     3: span                   %0
     4: load-literal           %1, int(10)
     5: binary-op              %0, Math(Add), %1
     6: span                   %0
     7: return                 %0
=== accept/alias/name-alias-then-help.nu
shape shape_internalcall 0..5 "alias"
shape shape_string 6..11 "alias"
shape shape_flag 12..18 "--help"
ir main
  # 2 registers, 5 instructions, 17 bytes of data
     0: load-literal           %1, string("alias")
     1: push-positional        %1
     2: push-parser-info       "help_decl_id", Expression { expr: Int(0), span: Span[148075..148080], span_id: SpanId(0), ty: Int }
     3: call                   decl "help", %0
     4: return                 %0
=== accept/alias/pipeline-target-is-words.nu
shape shape_internalcall 0..5 "alias"
shape shape_string 6..8 "ll"
shape shape_keyword 9..10 "="
shape shape_internalcall 11..13 "ls"
shape shape_globpattern 14..15 "|"
shape shape_globpattern 16..22 "length"
ir main
  # 1 register, 2 instructions, 0 bytes of data
     0: load-literal           %0, empty
     1: return                 %0
=== accept/alias/quoted-name.nu
shape shape_internalcall 0..5 "alias"
shape shape_string 6..17 "\"attr test\""
shape shape_keyword 18..19 "="
shape shape_internalcall 20..32 "attr example"
shape shape_internalcall 33..38 "alias"
shape shape_string 39..47 "'ls all'"
shape shape_keyword 48..49 "="
shape shape_internalcall 50..52 "ls"
shape shape_flag 53..55 "-a"
ir main
  # 1 register, 6 instructions, 0 bytes of data
     0: load-literal           %0, empty
     1: drain                  %0
     2: load-literal           %0, empty
     3: load-literal           %0, empty
     4: load-literal           %0, empty
     5: return                 %0
=== accept/alias/same-name-twice.nu
shape shape_internalcall 0..5 "alias"
shape shape_string 6..9 "foo"
shape shape_keyword 10..11 "="
shape shape_internalcall 12..14 "ls"
shape shape_internalcall 15..20 "alias"
shape shape_string 21..24 "foo"
shape shape_keyword 25..26 "="
shape shape_internalcall 27..29 "ls"
ir main
  # 1 register, 6 instructions, 0 bytes of data
     0: load-literal           %0, empty
     1: drain                  %0
     2: load-literal           %0, empty
     3: load-literal           %0, empty
     4: load-literal           %0, empty
     5: return                 %0
=== accept/alias/short-flag-batch-with-help.nu
shape shape_internalcall 0..5 "alias"
shape shape_flag 6..9 "-hx"
ir main
  # 2 registers, 5 instructions, 17 bytes of data
     0: load-literal           %1, string("alias")
     1: push-positional        %1
     2: push-parser-info       "help_decl_id", Expression { expr: Int(0), span: Span[148075..148080], span_id: SpanId(0), ty: Int }
     3: call                   decl "help", %0
     4: return                 %0
=== accept/alias/simple.nu
shape shape_internalcall 0..5 "alias"
shape shape_string 6..8 "ll"
shape shape_keyword 9..10 "="
shape shape_internalcall 11..13 "ls"
shape shape_flag 14..17 "-la"
shape shape_flag 14..17 "-la"
ir main
  # 1 register, 2 instructions, 0 bytes of data
     0: load-literal           %0, empty
     1: return                 %0
=== accept/alias/target-attr-example-without-arguments.nu
shape shape_internalcall 0..5 "alias"
shape shape_string 6..7 "x"
shape shape_keyword 8..9 "="
shape shape_internalcall 10..22 "attr example"
ir main
  # 1 register, 2 instructions, 0 bytes of data
     0: load-literal           %0, empty
     1: return                 %0
=== accept/alias/target-ends-with-pipe-then-newline.nu
shape shape_internalcall 0..12 "export alias"
shape shape_string 13..14 "x"
shape shape_keyword 15..16 "="
shape shape_internalcall 17..19 "ls"
shape shape_globpattern 20..21 "|"
ir main
  # 1 register, 2 instructions, 0 bytes of data
     0: load-literal           %0, empty
     1: return                 %0
=== accept/alias/target-env-shorthand-is-command.nu
shape shape_internalcall 0..5 "alias"
shape shape_string 6..7 "x"
shape shape_keyword 8..9 "="
shape shape_string 10..13 "FOO"
shape shape_record 13..14 "="
shape shape_string 14..15 "1"
shape shape_internalcall 16..18 "ls"
ir main
  # 1 register, 2 instructions, 0 bytes of data
     0: load-literal           %0, empty
     1: return                 %0
ir #0
  # 1 register, 4 instructions, 0 bytes of data
     0: redirect-out           caller
     1: redirect-err           caller
     2: call                   decl "ls", %0
     3: return                 %0
=== accept/alias/target-if-incomplete.nu
shape shape_internalcall 0..5 "alias"
shape shape_string 6..7 "i"
shape shape_keyword 8..9 "="
shape shape_internalcall 10..12 "if"
shape shape_string 13..14 "x"
ir main
  # 1 register, 2 instructions, 0 bytes of data
     0: load-literal           %0, empty
     1: return                 %0
=== accept/alias/target-overlay-new-without-argument.nu
shape shape_internalcall 0..5 "alias"
shape shape_string 6..7 "x"
shape shape_keyword 8..9 "="
shape shape_internalcall 10..21 "overlay new"
ir main
  # 1 register, 2 instructions, 0 bytes of data
     0: load-literal           %0, empty
     1: return                 %0
=== accept/alias/to-custom-command.nu
shape shape_internalcall 0..3 "def"
shape shape_string 4..7 "foo"
shape shape_signature 8..12 "[$x]"
shape shape_closure 13..15 "{ "
shape shape_variable 15..17 "$x"
shape shape_operator 18..19 "+"
shape shape_int 20..22 "10"
shape shape_closure 22..24 " }"
shape shape_internalcall 25..30 "alias"
shape shape_string 31..32 "f"
shape shape_keyword 33..34 "="
shape shape_internalcall 35..38 "foo"
shape shape_internalcall 39..40 "f"
shape shape_int 41..44 "100"
ir main
  # 2 registers, 14 instructions, 0 bytes of data
     0: load-literal           %0, empty
     1: drain                  %0
     2: load-literal           %0, empty
     3: load-literal           %0, empty
     4: load-literal           %0, empty
     5: drain                  %0
     6: load-literal           %0, empty
     7: load-literal           %0, empty
     8: load-literal           %1, int(100)
     9: push-positional        %1
    10: redirect-out           caller
    11: redirect-err           caller
    12: call                   decl "foo", %0
    13: return                 %0
ir #0
  # 2 registers, 5 instructions, 0 bytes of data
     0: load-variable          %0, var #1
     1: load-literal           %1, int(10)
     2: binary-op              %0, Math(Add), %1
     3: span                   %0
     4: return                 %0
=== accept/alias/with-args.nu
shape shape_internalcall 0..3 "def"
shape shape_string 4..7 "foo"
shape shape_signature 8..15 "[$x $y]"
shape shape_closure 16..18 "{ "
shape shape_variable 18..20 "$x"
shape shape_operator 21..22 "+"
shape shape_variable 23..25 "$y"
shape shape_operator 26..27 "+"
shape shape_int 28..30 "10"
shape shape_closure 30..32 " }"
shape shape_internalcall 33..38 "alias"
shape shape_string 39..40 "f"
shape shape_keyword 41..42 "="
shape shape_internalcall 43..46 "foo"
shape shape_int 47..49 "33"
shape shape_internalcall 50..51 "f"
shape shape_int 47..49 "33"
shape shape_int 52..55 "100"
ir main
  # 3 registers, 16 instructions, 0 bytes of data
     0: load-literal           %0, empty
     1: drain                  %0
     2: load-literal           %0, empty
     3: load-literal           %0, empty
     4: load-literal           %0, empty
     5: drain                  %0
     6: load-literal           %0, empty
     7: load-literal           %0, empty
     8: load-literal           %1, int(33)
     9: load-literal           %2, int(100)
    10: push-positional        %1
    11: push-positional        %2
    12: redirect-out           caller
    13: redirect-err           caller
    14: call                   decl "foo", %0
    15: return                 %0
ir #0
  # 2 registers, 8 instructions, 0 bytes of data
     0: load-variable          %0, var #2
     1: load-variable          %1, var #3
     2: binary-op              %0, Math(Add), %1
     3: span                   %0
     4: load-literal           %1, int(10)
     5: binary-op              %0, Math(Add), %1
     6: span                   %0
     7: return                 %0
=== accept/alias/with-in.nu
shape shape_internalcall 0..5 "alias"
shape shape_string 6..7 "e"
shape shape_keyword 8..9 "="
shape shape_internalcall 10..14 "echo"
shape shape_block 15..16 "("
shape shape_variable 16..19 "$in"
shape shape_block 19..20 ")"
shape shape_int 21..22 "1"
shape shape_pipe 23..24 "|"
shape shape_internalcall 25..26 "e"
shape shape_block 15..16 "("
shape shape_variable 16..19 "$in"
shape shape_block 19..20 ")"
shape shape_block 20..27 "\n1 | e\n"
ir main
  # 4 registers, 18 instructions, 0 bytes of data
     0: collect                %0
     1: clone                  %1, %0
     2: store-variable         var #1 "$in", %1
     3: load-literal           %0, empty
     4: drain                  %0
     5: load-literal           %0, empty
     6: load-literal           %0, int(1)
     7: collect                %0
     8: clone                  %2, %0
     9: store-variable         var #0, %2
    10: load-variable          %3, var #0
    11: push-positional        %3
    12: redirect-out           caller
    13: redirect-err           caller
    14: call                   decl "echo", %0
    15: drop-variable          var #0
    16: drop-variable          var #1 "$in"
    17: return                 %0
