=== accept/def/block-before-body-ignored.nu
shape shape_internalcall 0..3 "def"
shape shape_string 4..7 "foo"
shape shape_signature 8..10 "[]"
shape shape_closure 14..16 "{}"
ir main
  # 1 register, 2 instructions, 0 bytes of data
     0: load-literal           %0, empty
     1: return                 %0
ir #0
  # 1 register, 1 instruction, 0 bytes of data
     0: return                 %0
=== accept/def/body-forms.nu
shape shape_internalcall 0..3 "def"
shape shape_string 4..5 "a"
shape shape_signature 6..8 "[]"
shape shape_closure 9..11 "{ "
shape shape_int 11..12 "1"
shape shape_closure 12..14 " }"
shape shape_internalcall 15..18 "def"
shape shape_string 19..20 "b"
shape shape_signature 21..23 "[]"
shape shape_closure 24..28 "{\n  "
shape shape_int 28..29 "1"
shape shape_closure 29..31 "\n}"
shape shape_internalcall 32..35 "def"
shape shape_string 36..37 "c"
shape shape_signature 38..40 "[]"
shape shape_closure 41..43 "{ "
shape shape_int 43..44 "1"
shape shape_int 46..47 "2"
shape shape_closure 47..49 " }"
shape shape_internalcall 50..53 "def"
shape shape_string 54..55 "d"
shape shape_signature 56..58 "[]"
shape shape_closure 59..63 "{\n  "
shape shape_internalcall 63..66 "let"
shape shape_vardecl 67..68 "x"
shape shape_int 71..72 "1"
shape shape_variable 75..77 "$x"
shape shape_closure 77..79 "\n}"
shape shape_internalcall 80..83 "def"
shape shape_string 84..85 "e"
shape shape_signature 86..88 "[]"
shape shape_closure 89..91 "{ "
shape shape_internalcall 91..93 "ls"
shape shape_pipe 94..95 "|"
shape shape_internalcall 96..102 "length"
shape shape_closure 102..104 " }"
shape shape_internalcall 105..108 "def"
shape shape_string 109..110 "f"
shape shape_signature 111..113 "[]"
shape shape_closure 114..116 "{ "
shape shape_internalcall 116..118 "if"
shape shape_bool 119..123 "true"
shape shape_block 124..126 "{ "
shape shape_int 126..127 "1"
shape shape_block 127..129 " }"
shape shape_keyword 130..134 "else"
shape shape_block 135..137 "{ "
shape shape_int 137..138 "2"
shape shape_block 138..140 " }"
shape shape_closure 140..142 " }"
ir main
  # 1 register, 22 instructions, 0 bytes of data
     0: load-literal           %0, empty
     1: drain                  %0
     2: load-literal           %0, empty
     3: load-literal           %0, empty
     4: load-literal           %0, empty
     5: drain                  %0
     6: load-literal           %0, empty
     7: load-literal           %0, empty
     8: load-literal           %0, empty
     9: drain                  %0
    10: load-literal           %0, empty
    11: load-literal           %0, empty
    12: load-literal           %0, empty
    13: drain                  %0
    14: load-literal           %0, empty
    15: load-literal           %0, empty
    16: load-literal           %0, empty
    17: drain                  %0
    18: load-literal           %0, empty
    19: load-literal           %0, empty
    20: load-literal           %0, empty
    21: return                 %0
ir #0
  # 1 register, 2 instructions, 0 bytes of data
     0: load-literal           %0, int(1)
     1: return                 %0
ir #1
  # 1 register, 2 instructions, 0 bytes of data
     0: load-literal           %0, int(1)
     1: return                 %0
ir #2
  # 1 register, 5 instructions, 0 bytes of data
     0: load-literal           %0, int(1)
     1: drain                  %0
     2: load-literal           %0, empty
     3: load-literal           %0, int(2)
     4: return                 %0
ir #4
  # 1 register, 7 instructions, 0 bytes of data
     0: load-literal           %0, int(1)
     1: store-variable         var #0, %0  # let
     2: load-literal           %0, empty
     3: drain                  %0
     4: load-literal           %0, empty
     5: load-variable          %0, var #0
     6: return                 %0
ir #5
  # 1 register, 6 instructions, 0 bytes of data
     0: redirect-out           pipe
     1: call                   decl "ls", %0
     2: redirect-out           caller
     3: redirect-err           caller
     4: call                   decl "length", %0
     5: return                 %0
ir #8
  # 2 registers, 7 instructions, 0 bytes of data
     0: load-literal           %1, bool(true)
     1: not                    %1
     2: branch-if              %1, 5       # if false
     3: load-literal           %0, int(1)  # label(0)
     4: jump                   6           # end if
     5: load-literal           %0, int(2)  # label(1), from(2:)
     6: return                 %0          # label(2), from(4:)
=== accept/def/body-record-shaped-is-code.nu
shape shape_internalcall 0..3 "def"
shape shape_string 4..5 "q"
shape shape_signature 6..8 "[]"
shape shape_closure 9..10 "{"
shape shape_external 10..12 "a:"
shape shape_record 13..14 "{"
shape shape_string 14..15 "a"
shape shape_record 15..17 ": "
shape shape_int 17..18 "1"
shape shape_record 18..19 "}"
shape shape_closure 19..20 "}"
ir main
  # 1 register, 2 instructions, 0 bytes of data
     0: load-literal           %0, empty
     1: return                 %0
ir #0
  # 5 registers, 11 instructions, 3 bytes of data
     0: load-literal           %1, glob-pattern("a:", no_expand = false)
     1: load-literal           %2, record(capacity = 1)
     2: load-literal           %3, string("a")
     3: load-literal           %4, int(1)
     4: record-insert          %2, %3, %4
     5: push-positional        %1
     6: push-positional        %2
     7: redirect-out           caller
     8: redirect-err           caller
     9: call                   decl "run-external", %0
    10: return                 %0
=== accept/def/body-with-closure-params.nu
shape shape_internalcall 0..3 "def"
shape shape_string 4..7 "foo"
shape shape_signature 8..10 "[]"
shape shape_closure 11..17 "{|x| }"
ir main
  # 1 register, 2 instructions, 0 bytes of data
     0: load-literal           %0, empty
     1: return                 %0
ir #0
  # 1 register, 1 instruction, 0 bytes of data
     0: return                 %0
=== accept/def/both-flags.nu
shape shape_internalcall 0..3 "def"
shape shape_flag 4..9 "--env"
shape shape_flag 10..19 "--wrapped"
shape shape_string 20..24 "both"
shape shape_signature 25..34 "[...args]"
shape shape_closure 35..38 "{ }"
shape shape_internalcall 39..42 "def"
shape shape_flag 43..52 "--wrapped"
shape shape_flag 53..58 "--env"
shape shape_string 59..64 "both2"
shape shape_signature 65..74 "[...args]"
shape shape_closure 75..78 "{ }"
ir main
  # 1 register, 6 instructions, 0 bytes of data
     0: load-literal           %0, empty
     1: drain                  %0
     2: load-literal           %0, empty
     3: load-literal           %0, empty
     4: load-literal           %0, empty
     5: return                 %0
ir #0
  # 1 register, 1 instruction, 0 bytes of data
     0: return                 %0
ir #1
  # 1 register, 1 instruction, 0 bytes of data
     0: return                 %0
=== accept/def/completer-quoted-name.nu
shape shape_internalcall 0..3 "def"
shape shape_string 4..22 "\"nu-complete list\""
shape shape_signature 23..25 "[]"
shape shape_closure 26..28 "{ "
shape shape_list 28..29 "["
shape shape_string 29..30 "a"
shape shape_list 30..31 " "
shape shape_string 31..32 "b"
shape shape_list 32..33 "]"
shape shape_closure 33..35 " }"
shape shape_internalcall 36..39 "def"
shape shape_string 40..43 "foo"
shape shape_signature 44..74 "[x: string@\"nu-complete list\"]"
shape shape_closure 75..78 "{ }"
ir main
  # 1 register, 6 instructions, 0 bytes of data
     0: load-literal           %0, empty
     1: drain                  %0
     2: load-literal           %0, empty
     3: load-literal           %0, empty
     4: load-literal           %0, empty
     5: return                 %0
ir #0
  # 2 registers, 6 instructions, 2 bytes of data
     0: load-literal           %0, list(capacity = 2)
     1: load-literal           %1, string("a")
     2: list-push              %0, %1
     3: load-literal           %1, string("b")
     4: list-push              %0, %1
     5: return                 %0
ir #1
  # 1 register, 1 instruction, 0 bytes of data
     0: return                 %0
=== accept/def/completer.nu
shape shape_internalcall 0..3 "def"
shape shape_string 4..8 "comp"
shape shape_signature 9..11 "[]"
shape shape_closure 12..14 "{ "
shape shape_list 14..15 "["
shape shape_string 15..16 "a"
shape shape_list 16..17 " "
shape shape_string 17..18 "b"
shape shape_list 18..19 "]"
shape shape_closure 19..21 " }"
shape shape_internalcall 22..25 "def"
shape shape_string 26..29 "foo"
shape shape_signature 30..75 "[x: string@comp, --flag: string@comp, y@comp]"
shape shape_closure 76..79 "{ }"
ir main
  # 1 register, 6 instructions, 0 bytes of data
     0: load-literal           %0, empty
     1: drain                  %0
     2: load-literal           %0, empty
     3: load-literal           %0, empty
     4: load-literal           %0, empty
     5: return                 %0
ir #0
  # 2 registers, 6 instructions, 2 bytes of data
     0: load-literal           %0, list(capacity = 2)
     1: load-literal           %1, string("a")
     2: list-push              %0, %1
     3: load-literal           %1, string("b")
     4: list-push              %0, %1
     5: return                 %0
ir #1
  # 1 register, 1 instruction, 0 bytes of data
     0: return                 %0
=== accept/def/def-with-doc-comments-and-blank-line.nu
shape shape_internalcall 55..58 "def"
shape shape_string 59..62 "foo"
shape shape_signature 63..65 "[]"
shape shape_closure 66..68 "{}"
ir main
  # 1 register, 2 instructions, 0 bytes of data
     0: load-literal           %0, empty
     1: return                 %0
ir #0
  # 1 register, 1 instruction, 0 bytes of data
     0: return                 %0
=== accept/def/dollar-params.nu
shape shape_internalcall 0..3 "def"
shape shape_string 4..7 "foo"
shape shape_signature 8..15 "[$x $y]"
shape shape_closure 16..18 "{ "
shape shape_variable 18..20 "$x"
shape shape_operator 21..22 "+"
shape shape_variable 23..25 "$y"
shape shape_operator 26..27 "+"
shape shape_int 28..30 "10"
shape shape_closure 30..32 " }"
ir main
  # 1 register, 2 instructions, 0 bytes of data
     0: load-literal           %0, empty
     1: return                 %0
ir #0
  # 2 registers, 8 instructions, 0 bytes of data
     0: load-variable          %0, var #2
     1: load-variable          %1, var #3
     2: binary-op              %0, Math(Add), %1
     3: span                   %0
     4: load-literal           %1, int(10)
     5: binary-op              %0, Math(Add), %1
     6: span                   %0
     7: return                 %0
=== accept/def/env-flag.nu
shape shape_internalcall 0..3 "def"
shape shape_flag 4..9 "--env"
shape shape_string 10..18 "\"set up\""
shape shape_signature 19..21 "[]"
shape shape_closure 22..24 "{ "
shape shape_variable 24..28 "$env"
shape shape_string 29..35 "SET_UP"
shape shape_operator 36..37 "="
shape shape_bool 38..42 "true"
shape shape_closure 42..44 " }"
ir main
  # 1 register, 2 instructions, 0 bytes of data
     0: load-literal           %0, empty
     1: return                 %0
ir #1
  # 1 register, 4 instructions, 6 bytes of data
     0: load-literal           %0, bool(true)
     1: store-env              "SET_UP", %0
     2: load-literal           %0, nothing
     3: return                 %0
=== accept/def/export-body-with-closure-params.nu
shape shape_internalcall 0..10 "export def"
shape shape_string 11..14 "foo"
shape shape_signature 15..17 "[]"
shape shape_closure 18..24 "{|x| }"
ir main
  # 1 register, 2 instructions, 0 bytes of data
     0: load-literal           %0, empty
     1: return                 %0
ir #0
  # 1 register, 1 instruction, 0 bytes of data
     0: return                 %0
=== accept/def/flag-defaults.nu
shape shape_internalcall 0..3 "def"
shape shape_string 4..9 "test1"
shape shape_signature 10..27 "[ --a: any = 32 ]"
shape shape_closure 28..30 "{}"
shape shape_internalcall 31..34 "def"
shape shape_string 35..40 "test2"
shape shape_signature 41..61 "[ --a: number = 32 ]"
shape shape_closure 62..64 "{}"
shape shape_internalcall 65..68 "def"
shape shape_string 69..74 "test3"
shape shape_signature 75..97 "[ --a: number = 32.0 ]"
shape shape_closure 98..100 "{}"
shape shape_internalcall 101..104 "def"
shape shape_string 105..110 "test4"
shape shape_signature 111..141 "[ --a: list<any> = [ 1 2 3 ] ]"
shape shape_closure 142..144 "{}"
shape shape_internalcall 145..148 "def"
shape shape_string 149..154 "test5"
shape shape_signature 155..218 "[ --a: record<a: int b: string> = { a: 32 b: 'qwe' c: 'wqe' } ]"
shape shape_closure 219..221 "{}"
shape shape_internalcall 222..225 "def"
shape shape_string 226..231 "test6"
shape shape_signature 232..282 "[ --a: record<a: any b: any> = { a: 32 b: 'qwe'} ]"
shape shape_closure 283..285 "{}"
ir main
  # 1 register, 22 instructions, 0 bytes of data
     0: load-literal           %0, empty
     1: drain                  %0
     2: load-literal           %0, empty
     3: load-literal           %0, empty
     4: load-literal           %0, empty
     5: drain                  %0
     6: load-literal           %0, empty
     7: load-literal           %0, empty
     8: load-literal           %0, empty
     9: drain                  %0
    10: load-literal           %0, empty
    11: load-literal           %0, empty
    12: load-literal           %0, empty
    13: drain                  %0
    14: load-literal           %0, empty
    15: load-literal           %0, empty
    16: load-literal           %0, empty
    17: drain                  %0
    18: load-literal           %0, empty
    19: load-literal           %0, empty
    20: load-literal           %0, empty
    21: return                 %0
ir #0
  # 1 register, 1 instruction, 0 bytes of data
     0: return                 %0
ir #1
  # 1 register, 1 instruction, 0 bytes of data
     0: return                 %0
ir #2
  # 1 register, 1 instruction, 0 bytes of data
     0: return                 %0
ir #3
  # 1 register, 1 instruction, 0 bytes of data
     0: return                 %0
ir #4
  # 1 register, 1 instruction, 0 bytes of data
     0: return                 %0
ir #5
  # 1 register, 1 instruction, 0 bytes of data
     0: return                 %0
=== accept/def/flags-after-name.nu
shape shape_internalcall 0..3 "def"
shape shape_string 4..7 "foo"
shape shape_flag 8..13 "--env"
shape shape_signature 14..16 "[]"
shape shape_closure 17..19 "{}"
shape shape_internalcall 20..23 "def"
shape shape_flag 24..29 "--env"
shape shape_string 30..33 "bar"
shape shape_flag 34..43 "--wrapped"
shape shape_signature 44..50 "[...a]"
shape shape_closure 51..53 "{}"
ir main
  # 1 register, 6 instructions, 0 bytes of data
     0: load-literal           %0, empty
     1: drain                  %0
     2: load-literal           %0, empty
     3: load-literal           %0, empty
     4: load-literal           %0, empty
     5: return                 %0
ir #0
  # 1 register, 1 instruction, 0 bytes of data
     0: return                 %0
ir #1
  # 1 register, 1 instruction, 0 bytes of data
     0: return                 %0
=== accept/def/flags.nu
shape shape_internalcall 0..3 "def"
shape shape_string 4..7 "foo"
shape shape_signature 8..114 "[--flag --other(-o) --typed: int --with-default: int = 3 --dflt = 3 -s --long (-l) --spaced-type : string]"
shape shape_closure 115..118 "{ }"
ir main
  # 1 register, 2 instructions, 0 bytes of data
     0: load-literal           %0, empty
     1: return                 %0
ir #0
  # 1 register, 1 instruction, 0 bytes of data
     0: return                 %0
=== accept/def/full-signature.nu
shape shape_internalcall 0..3 "def"
shape shape_string 4..13 "completer"
shape shape_signature 14..16 "[]"
shape shape_closure 17..19 "{ "
shape shape_list 19..21 "[]"
shape shape_closure 21..23 " }"
shape shape_internalcall 24..27 "def"
shape shape_flag 28..33 "--env"
shape shape_flag 34..43 "--wrapped"
shape shape_string 44..52 "\"my cmd\""
shape shape_signature 53..214 "[\n  a: int, # the a\n  name: string@completer\n  b?: string = \"x\"\n  --flag(-f): int = 3\n  -s\n  --long (-l)\n  ...rest: string\n]: [int -> string, nothing -> nothing]"
shape shape_closure 215..219 "{\n  "
shape shape_variable 219..221 "$a"
shape shape_closure 221..223 "\n}"
error nu::parser::output_type_mismatch: Command output doesn't match string.
  label 219..221 "$a": expected string, but command outputs int
error nu::parser::output_type_mismatch: Command output doesn't match nothing.
  label 219..221 "$a": expected nothing, but command outputs int
ir #0
  # 1 register, 2 instructions, 0 bytes of data
     0: load-literal           %0, list(capacity = 0)
     1: return                 %0
ir #1
  # 1 register, 2 instructions, 0 bytes of data
     0: load-variable          %0, var #7
     1: return                 %0
=== accept/def/help-after-body.nu
shape shape_internalcall 0..3 "def"
shape shape_string 4..7 "foo"
shape shape_signature 8..10 "[]"
shape shape_flag 14..20 "--help"
ir main
  # 2 registers, 5 instructions, 15 bytes of data
     0: load-literal           %1, string("def")
     1: push-positional        %1
     2: push-parser-info       "help_decl_id"
     3: call                   decl "help", %0
     4: return                 %0
=== accept/def/help-after-name.nu
shape shape_internalcall 0..3 "def"
shape shape_string 4..7 "foo"
shape shape_flag 8..14 "--help"
ir main
  # 2 registers, 5 instructions, 15 bytes of data
     0: load-literal           %1, string("def")
     1: push-positional        %1
     2: push-parser-info       "help_decl_id"
     3: call                   decl "help", %0
     4: return                 %0
=== accept/def/help-after-signature.nu
shape shape_internalcall 0..3 "def"
shape shape_string 4..7 "foo"
shape shape_signature 8..10 "[]"
shape shape_flag 11..17 "--help"
ir main
  # 2 registers, 5 instructions, 15 bytes of data
     0: load-literal           %1, string("def")
     1: push-positional        %1
     2: push-parser-info       "help_decl_id"
     3: call                   decl "help", %0
     4: return                 %0
=== accept/def/help-before-signature-then-body.nu
shape shape_internalcall 0..3 "def"
shape shape_string 4..7 "foo"
shape shape_flag 8..14 "--help"
shape shape_signature 15..17 "[]"
shape shape_closure 18..20 "{}"
ir main
  # 2 registers, 5 instructions, 15 bytes of data
     0: load-literal           %1, string("def")
     1: push-positional        %1
     2: push-parser-info       "help_decl_id"
     3: call                   decl "help", %0
     4: return                 %0
ir #0
  # 1 register, 1 instruction, 0 bytes of data
     0: return                 %0
=== accept/def/help-flag.nu
shape shape_internalcall 0..3 "def"
shape shape_flag 4..10 "--help"
ir main
  # 2 registers, 5 instructions, 15 bytes of data
     0: load-literal           %1, string("def")
     1: push-positional        %1
     2: push-parser-info       "help_decl_id"
     3: call                   decl "help", %0
     4: return                 %0
=== accept/def/help-twice-then-signature.nu
shape shape_internalcall 0..3 "def"
shape shape_string 4..7 "foo"
shape shape_flag 8..14 "--help"
shape shape_flag 15..21 "--help"
shape shape_signature 22..24 "[]"
shape shape_closure 25..27 "{}"
ir main
  # 2 registers, 5 instructions, 15 bytes of data
     0: load-literal           %1, string("def")
     1: push-positional        %1
     2: push-parser-info       "help_decl_id"
     3: call                   decl "help", %0
     4: return                 %0
ir #0
  # 1 register, 1 instruction, 0 bytes of data
     0: return                 %0
=== accept/def/help-with-dropped-glued-braces.nu
shape shape_internalcall 0..3 "def"
shape shape_string 4..7 "foo"
shape shape_signature 8..10 "[]"
shape shape_flag 16..22 "--help"
ir main
  # 2 registers, 5 instructions, 15 bytes of data
     0: load-literal           %1, string("def")
     1: push-positional        %1
     2: push-parser-info       "help_decl_id"
     3: call                   decl "help", %0
     4: return                 %0
=== accept/def/io-colon-then-nothing.nu
shape shape_internalcall 0..3 "def"
shape shape_string 4..7 "foo"
shape shape_signature outside the snippet
shape shape_closure 13..15 "{}"
ir main
  # 1 register, 2 instructions, 0 bytes of data
     0: load-literal           %0, empty
     1: return                 %0
ir #0
  # 1 register, 1 instruction, 0 bytes of data
     0: return                 %0
=== accept/def/io-types-list.nu
shape shape_internalcall 0..3 "def"
shape shape_string 4..5 "q"
shape shape_signature 6..40 "[]: [int -> int, string -> string]"
shape shape_closure 41..43 "{}"
shape shape_internalcall 44..47 "def"
shape shape_string 48..50 "q2"
shape shape_signature 51..85 "[]: [nothing -> int string -> int]"
shape shape_closure 86..88 "{ "
shape shape_int 88..89 "3"
shape shape_closure 89..91 " }"
shape shape_internalcall 92..95 "def"
shape shape_string 96..98 "q3"
shape shape_signature 99..139 "[]: [\n  nothing -> int\n  string -> int\n]"
shape shape_closure 140..142 "{ "
shape shape_int 142..143 "3"
shape shape_closure 143..145 " }"
shape shape_internalcall 146..149 "def"
shape shape_string 150..152 "q4"
shape shape_signature 153..195 "[]: [\n  nothing -> int,\n  string -> int,\n]"
shape shape_closure 196..198 "{ "
shape shape_int 198..199 "3"
shape shape_closure 199..201 " }"
ir main
  # 1 register, 14 instructions, 0 bytes of data
     0: load-literal           %0, empty
     1: drain                  %0
     2: load-literal           %0, empty
     3: load-literal           %0, empty
     4: load-literal           %0, empty
     5: drain                  %0
     6: load-literal           %0, empty
     7: load-literal           %0, empty
     8: load-literal           %0, empty
     9: drain                  %0
    10: load-literal           %0, empty
    11: load-literal           %0, empty
    12: load-literal           %0, empty
    13: return                 %0
ir #0
  # 1 register, 1 instruction, 0 bytes of data
     0: return                 %0
ir #1
  # 1 register, 2 instructions, 0 bytes of data
     0: load-literal           %0, int(3)
     1: return                 %0
ir #2
  # 1 register, 2 instructions, 0 bytes of data
     0: load-literal           %0, int(3)
     1: return                 %0
ir #3
  # 1 register, 2 instructions, 0 bytes of data
     0: load-literal           %0, int(3)
     1: return                 %0
=== accept/def/io-types-pass-through.nu
shape shape_internalcall 0..3 "def"
shape shape_string 4..5 "q"
shape shape_signature 6..20 "[]: int -> int"
shape shape_closure 21..23 "{}"
shape shape_internalcall 24..27 "def"
shape shape_string 28..30 "q2"
shape shape_signature 31..89 "[]: record<a: int, b: string> -> record<a: int, b: string>"
shape shape_closure 90..92 "{}"
ir main
  # 1 register, 6 instructions, 0 bytes of data
     0: load-literal           %0, empty
     1: drain                  %0
     2: load-literal           %0, empty
     3: load-literal           %0, empty
     4: load-literal           %0, empty
     5: return                 %0
ir #0
  # 1 register, 1 instruction, 0 bytes of data
     0: return                 %0
ir #1
  # 1 register, 1 instruction, 0 bytes of data
     0: return                 %0
=== accept/def/io-types-single.nu
shape shape_internalcall 0..3 "def"
shape shape_string 4..5 "q"
shape shape_signature 6..20 "[]: int -> int"
shape shape_closure 21..22 "{"
shape shape_int 22..23 "1"
shape shape_closure 23..24 "}"
shape shape_internalcall 25..28 "def"
shape shape_string 29..31 "q2"
shape shape_signature 32..53 "[x: bool]: int -> int"
shape shape_closure 54..55 "{"
shape shape_int 55..56 "2"
shape shape_closure 56..57 "}"
shape shape_internalcall 58..61 "def"
shape shape_string 62..64 "q3"
shape shape_signature 65..85 "[]: string -> string"
shape shape_closure 86..87 "{"
shape shape_string 87..92 "'qwe'"
shape shape_closure 92..93 "}"
shape shape_internalcall 94..97 "def"
shape shape_string 98..100 "q4"
shape shape_signature 101..123 "[]: nothing -> nothing"
shape shape_closure 124..125 "{"
shape shape_nothing 125..129 "null"
shape shape_closure 129..130 "}"
shape shape_internalcall 131..134 "def"
shape shape_string 135..137 "q5"
shape shape_signature 138..170 "[]: list<string> -> list<string>"
shape shape_closure 171..172 "{"
shape shape_list 172..174 "[]"
shape shape_closure 174..175 "}"
shape shape_internalcall 176..179 "def"
shape shape_string 180..182 "q6"
shape shape_signature 183..233 "[]: record<a: int b: int> -> record<c: int e: int>"
shape shape_closure 234..235 "{"
shape shape_record 235..236 "{"
shape shape_string 236..237 "c"
shape shape_record 237..239 ": "
shape shape_int 239..240 "1"
shape shape_record 240..241 " "
shape shape_string 241..242 "e"
shape shape_record 242..244 ": "
shape shape_int 244..245 "1"
shape shape_record 245..246 "}"
shape shape_closure 246..247 "}"
shape shape_internalcall 248..251 "def"
shape shape_string 252..254 "q7"
shape shape_signature 255..303 "[]: table<a: int b: int> -> table<c: int e: int>"
shape shape_closure 304..305 "{"
shape shape_list 305..306 "["
shape shape_record 306..307 "{"
shape shape_string 307..308 "c"
shape shape_record 308..310 ": "
shape shape_int 310..311 "1"
shape shape_record 311..312 " "
shape shape_string 312..313 "e"
shape shape_record 313..315 ": "
shape shape_int 315..316 "1"
shape shape_record 316..317 "}"
shape shape_list 317..318 "]"
shape shape_closure 318..319 "}"
shape shape_internalcall 320..323 "def"
shape shape_string 324..326 "q8"
shape shape_signature 327..381 "[]: nothing -> record<c: record<a: int b: int> e: int>"
shape shape_closure 382..383 "{"
shape shape_record 383..384 "{"
shape shape_string 384..385 "c"
shape shape_record 385..387 ": "
shape shape_record 387..388 "{"
shape shape_string 388..389 "a"
shape shape_record 389..391 ": "
shape shape_int 391..392 "1"
shape shape_record 392..393 " "
shape shape_string 393..394 "b"
shape shape_record 394..396 ": "
shape shape_int 396..397 "2"
shape shape_record 397..398 "}"
shape shape_record 398..399 " "
shape shape_string 399..400 "e"
shape shape_record 400..402 ": "
shape shape_int 402..403 "1"
shape shape_record 403..404 "}"
shape shape_closure 404..405 "}"
ir main
  # 1 register, 30 instructions, 0 bytes of data
     0: load-literal           %0, empty
     1: drain                  %0
     2: load-literal           %0, empty
     3: load-literal           %0, empty
     4: load-literal           %0, empty
     5: drain                  %0
     6: load-literal           %0, empty
     7: load-literal           %0, empty
     8: load-literal           %0, empty
     9: drain                  %0
    10: load-literal           %0, empty
    11: load-literal           %0, empty
    12: load-literal           %0, empty
    13: drain                  %0
    14: load-literal           %0, empty
    15: load-literal           %0, empty
    16: load-literal           %0, empty
    17: drain                  %0
    18: load-literal           %0, empty
    19: load-literal           %0, empty
    20: load-literal           %0, empty
    21: drain                  %0
    22: load-literal           %0, empty
    23: load-literal           %0, empty
    24: load-literal           %0, empty
    25: drain                  %0
    26: load-literal           %0, empty
    27: load-literal           %0, empty
    28: load-literal           %0, empty
    29: return                 %0
ir #0
  # 1 register, 2 instructions, 0 bytes of data
     0: load-literal           %0, int(1)
     1: return                 %0
ir #1
  # 1 register, 2 instructions, 0 bytes of data
     0: load-literal           %0, int(2)
     1: return                 %0
ir #2
  # 1 register, 2 instructions, 3 bytes of data
     0: load-literal           %0, string("qwe")
     1: return                 %0
ir #3
  # 1 register, 2 instructions, 0 bytes of data
     0: load-literal           %0, nothing
     1: return                 %0
ir #4
  # 1 register, 2 instructions, 0 bytes of data
     0: load-literal           %0, list(capacity = 0)
     1: return                 %0
ir #5
  # 3 registers, 8 instructions, 2 bytes of data
     0: load-literal           %0, record(capacity = 2)
     1: load-literal           %1, string("c")
     2: load-literal           %2, int(1)
     3: record-insert          %0, %1, %2
     4: load-literal           %1, string("e")
     5: load-literal           %2, int(1)
     6: record-insert          %0, %1, %2
     7: return                 %0
ir #6
  # 4 registers, 10 instructions, 2 bytes of data
     0: load-literal           %0, list(capacity = 1)
     1: load-literal           %1, record(capacity = 2)
     2: load-literal           %2, string("c")
     3: load-literal           %3, int(1)
     4: record-insert          %1, %2, %3
     5: load-literal           %2, string("e")
     6: load-literal           %3, int(1)
     7: record-insert          %1, %2, %3
     8: list-push              %0, %1
     9: return                 %0
ir #7
  # 5 registers, 14 instructions, 4 bytes of data
     0: load-literal           %0, record(capacity = 2)
     1: load-literal           %1, string("c")
     2: load-literal           %2, record(capacity = 2)
     3: load-literal           %3, string("a")
     4: load-literal           %4, int(1)
     5: record-insert          %2, %3, %4
     6: load-literal           %3, string("b")
     7: load-literal           %4, int(2)
     8: record-insert          %2, %3, %4
     9: record-insert          %0, %1, %2
    10: load-literal           %1, string("e")
    11: load-literal           %2, int(1)
    12: record-insert          %0, %1, %2
    13: return                 %0
=== accept/def/io-types-spaced-colon.nu
shape shape_internalcall 0..3 "def"
shape shape_string 4..5 "q"
shape shape_signature 6..21 "[] : int -> int"
shape shape_closure 22..23 "{"
shape shape_int 23..24 "1"
shape shape_closure 24..25 "}"
shape shape_internalcall 26..29 "def"
shape shape_string 30..32 "q2"
shape shape_signature 33..55 "[x: bool] : int -> int"
shape shape_closure 56..57 "{"
shape shape_int 57..58 "2"
shape shape_closure 58..59 "}"
shape shape_internalcall 60..63 "def"
shape shape_string 64..66 "q3"
shape shape_signature 67..91 "[]\t   : string -> string"
shape shape_closure 92..93 "{"
shape shape_string 93..98 "'qwe'"
shape shape_closure 98..99 "}"
shape shape_internalcall 100..103 "def"
shape shape_string 104..106 "q4"
shape shape_signature 107..133 "[]  \t : nothing -> nothing"
shape shape_closure 134..135 "{"
shape shape_nothing 135..139 "null"
shape shape_closure 139..140 "}"
shape shape_internalcall 141..144 "def"
shape shape_string 145..147 "q5"
shape shape_signature 148..182 "[] \t: list<string> -> list<string>"
shape shape_closure 183..184 "{"
shape shape_list 184..186 "[]"
shape shape_closure 186..187 "}"
shape shape_internalcall 188..191 "def"
shape shape_string 192..194 "q6"
shape shape_signature 195..246 "[]\t: record<a: int b: int> -> record<c: int e: int>"
shape shape_closure 247..248 "{"
shape shape_record 248..249 "{"
shape shape_string 249..250 "c"
shape shape_record 250..252 ": "
shape shape_int 252..253 "1"
shape shape_record 253..254 " "
shape shape_string 254..255 "e"
shape shape_record 255..257 ": "
shape shape_int 257..258 "1"
shape shape_record 258..259 "}"
shape shape_closure 259..260 "}"
ir main
  # 1 register, 22 instructions, 0 bytes of data
     0: load-literal           %0, empty
     1: drain                  %0
     2: load-literal           %0, empty
     3: load-literal           %0, empty
     4: load-literal           %0, empty
     5: drain                  %0
     6: load-literal           %0, empty
     7: load-literal           %0, empty
     8: load-literal           %0, empty
     9: drain                  %0
    10: load-literal           %0, empty
    11: load-literal           %0, empty
    12: load-literal           %0, empty
    13: drain                  %0
    14: load-literal           %0, empty
    15: load-literal           %0, empty
    16: load-literal           %0, empty
    17: drain                  %0
    18: load-literal           %0, empty
    19: load-literal           %0, empty
    20: load-literal           %0, empty
    21: return                 %0
ir #0
  # 1 register, 2 instructions, 0 bytes of data
     0: load-literal           %0, int(1)
     1: return                 %0
ir #1
  # 1 register, 2 instructions, 0 bytes of data
     0: load-literal           %0, int(2)
     1: return                 %0
ir #2
  # 1 register, 2 instructions, 3 bytes of data
     0: load-literal           %0, string("qwe")
     1: return                 %0
ir #3
  # 1 register, 2 instructions, 0 bytes of data
     0: load-literal           %0, nothing
     1: return                 %0
ir #4
  # 1 register, 2 instructions, 0 bytes of data
     0: load-literal           %0, list(capacity = 0)
     1: return                 %0
ir #5
  # 3 registers, 8 instructions, 2 bytes of data
     0: load-literal           %0, record(capacity = 2)
     1: load-literal           %1, string("c")
     2: load-literal           %2, int(1)
     3: record-insert          %0, %1, %2
     4: load-literal           %1, string("e")
     5: load-literal           %2, int(1)
     6: record-insert          %0, %1, %2
     7: return                 %0
=== accept/def/io-types-trailing-bracket-only.nu
shape shape_internalcall 0..3 "def"
shape shape_string 4..5 "q"
shape shape_signature 6..29 "[]: nothing -> nothing]"
shape shape_closure 30..31 "{"
shape shape_nothing 31..35 "null"
shape shape_closure 35..36 "}"
ir main
  # 1 register, 2 instructions, 0 bytes of data
     0: load-literal           %0, empty
     1: return                 %0
ir #0
  # 1 register, 2 instructions, 0 bytes of data
     0: load-literal           %0, nothing
     1: return                 %0
=== accept/def/keyword-like-body-first-word.nu
shape shape_internalcall 0..3 "def"
shape shape_string 4..5 "f"
shape shape_signature 6..8 "[]"
shape shape_closure 9..11 "{ "
shape shape_internalcall 11..16 "match"
shape shape_int 17..18 "1"
shape shape_nothing 21..22 "_"
shape shape_int 26..27 "1"
shape shape_closure 27..31 " } }"
shape shape_internalcall 32..35 "def"
shape shape_string 36..37 "g"
shape shape_signature 38..40 "[]"
shape shape_closure 41..43 "{ "
shape shape_internalcall 43..46 "for"
shape shape_vardecl 47..48 "x"
shape shape_keyword 49..51 "in"
shape shape_list 52..53 "["
shape shape_int 53..54 "1"
shape shape_list 54..55 "]"
shape shape_closure 55..61 " { } }"
shape shape_internalcall 62..65 "def"
shape shape_string 66..67 "h"
shape shape_signature 68..70 "[]"
shape shape_closure 71..73 "{ "
shape shape_internalcall 73..78 "while"
shape shape_bool 79..84 "false"
shape shape_closure 84..90 " { } }"
shape shape_internalcall 91..94 "def"
shape shape_string 95..96 "i"
shape shape_signature 97..99 "[]"
shape shape_closure 100..102 "{ "
shape shape_internalcall 102..106 "loop"
shape shape_block 107..109 "{ "
shape shape_internalcall 109..114 "break"
shape shape_block 114..116 " }"
shape shape_closure 116..118 " }"
shape shape_internalcall 119..122 "def"
shape shape_string 123..124 "j"
shape shape_signature 125..127 "[]"
shape shape_closure 128..130 "{ "
shape shape_internalcall 130..133 "try"
shape shape_block 134..136 "{ "
shape shape_int 136..137 "1"
shape shape_block 137..139 " }"
shape shape_keyword 140..145 "catch"
shape shape_closure 146..148 "{ "
shape shape_int 148..149 "2"
shape shape_closure 149..151 " }"
shape shape_closure 151..153 " }"
shape shape_internalcall 154..157 "def"
shape shape_string 158..159 "k"
shape shape_signature 160..162 "[]"
shape shape_closure 163..165 "{ "
shape shape_internalcall 165..171 "return"
shape shape_int 172..173 "1"
shape shape_closure 173..175 " }"
ir main
  # 1 register, 22 instructions, 0 bytes of data
     0: load-literal           %0, empty
     1: drain                  %0
     2: load-literal           %0, empty
     3: load-literal           %0, empty
     4: load-literal           %0, empty
     5: drain                  %0
     6: load-literal           %0, empty
     7: load-literal           %0, empty
     8: load-literal           %0, empty
     9: drain                  %0
    10: load-literal           %0, empty
    11: load-literal           %0, empty
    12: load-literal           %0, empty
    13: drain                  %0
    14: load-literal           %0, empty
    15: load-literal           %0, empty
    16: load-literal           %0, empty
    17: drain                  %0
    18: load-literal           %0, empty
    19: load-literal           %0, empty
    20: load-literal           %0, empty
    21: return                 %0
ir #0
  # 2 registers, 10 instructions, 0 bytes of data
     0: load-literal           %1, int(1)
     1: collect                %1
     2: match                  (_), %1, 6
     3: load-literal           %0, empty   # label(2)
     4: drop                   %1
     5: jump                   9
     6: drop                   %1          # label(1), from(2:)
     7: load-literal           %0, int(1)
     8: jump                   9           # end match
     9: return                 %0          # label(0), from(5:), from(8:)
ir #2
  # 3 registers, 12 instructions, 0 bytes of data
     0: load-literal           %0, empty
     1: load-literal           %1, list(capacity = 1)
     2: load-literal           %2, int(1)
     3: list-push              %1, %2
     4: iterate                %0, %1, end 10 # for, label(1), from(9:)
     5: store-variable         var #0, %0
     6: load-literal           %0, empty
     7: load-literal           %0, empty
     8: drain                  %0
     9: jump                   4
    10: load-literal           %0, empty   # label(0), from(4:)
    11: return                 %0
ir #4
  # 1 register, 9 instructions, 0 bytes of data
     0: load-literal           %0, bool(false) # label(1), from(6:)
     1: branch-if              %0, 4       # while
     2: jump                   7           # end while
     3: load-literal           %0, empty
     4: load-literal           %0, empty   # label(2), from(1:)
     5: drain                  %0
     6: jump                   0           # while
     7: load-literal           %0, empty   # label(0), from(2:)
     8: return                 %0
ir #6
  # 1 register, 8 instructions, 0 bytes of data
     0: load-literal           %0, empty
     1: load-literal           %0, empty   # label(1), from(5:)
     2: load-literal           %0, empty
     3: jump                   6           # break
     4: drain                  %0
     5: jump                   1           # loop
     6: load-literal           %0, empty   # label(0), from(3:)
     7: return                 %0
ir #8
  # 1 register, 2 instructions, 0 bytes of data
     0: load-literal           %0, int(2)
     1: return                 %0
ir #9
  # 1 register, 9 instructions, 0 bytes of data
     0: on-error-into          7, %0       # try
     1: load-literal           %0, int(1)
     2: redirect-out           caller
     3: redirect-err           caller
     4: try-collect            %0
     5: pop-error-handler     
     6: jump                   8
     7: load-literal           %0, int(2)  # label(0), from(0:)
     8: return                 %0          # label(2), from(6:)
ir #10
  # 1 register, 4 instructions, 0 bytes of data
     0: load-literal           %0, int(1)
     1: return-early           %0
     2: load-literal           %0, empty
     3: return                 %0
=== accept/def/main.nu
shape shape_internalcall 0..3 "def"
shape shape_string 4..8 "main"
shape shape_signature 9..85 "[\n    --flag: external_arg\n    arg: external_arg\n    ...rest: external_arg\n]"
shape shape_closure 86..89 "{ }"
ir main
  # 1 register, 2 instructions, 0 bytes of data
     0: load-literal           %0, empty
     1: return                 %0
ir #0
  # 1 register, 1 instruction, 0 bytes of data
     0: return                 %0
=== accept/def/minimal.nu
shape shape_internalcall 0..3 "def"
shape shape_string 4..7 "foo"
shape shape_signature 8..10 "[]"
shape shape_closure 11..14 "{ }"
ir main
  # 1 register, 2 instructions, 0 bytes of data
     0: load-literal           %0, empty
     1: return                 %0
ir #0
  # 1 register, 1 instruction, 0 bytes of data
     0: return                 %0
=== accept/def/name-is-hex-literal.nu
shape shape_internalcall 0..3 "def"
shape shape_string 4..8 "0x10"
shape shape_signature 9..11 "[]"
shape shape_closure 12..14 "{}"
ir main
  # 1 register, 2 instructions, 0 bytes of data
     0: load-literal           %0, empty
     1: return                 %0
ir #0
  # 1 register, 1 instruction, 0 bytes of data
     0: return                 %0
=== accept/def/names-with-symbols.nu
shape shape_internalcall 0..3 "def"
shape shape_string 4..9 "\"a$b\""
shape shape_signature 10..12 "[]"
shape shape_closure 13..15 "{}"
shape shape_internalcall 16..19 "def"
shape shape_string 20..23 "a.b"
shape shape_signature 24..26 "[]"
shape shape_closure 27..29 "{}"
shape shape_internalcall 30..33 "def"
shape shape_string 34..39 "\"a|b\""
shape shape_signature 40..42 "[]"
shape shape_closure 43..45 "{}"
shape shape_internalcall 46..49 "def"
shape shape_string 50..55 "\"a b\""
shape shape_signature 56..58 "[]"
shape shape_closure 59..61 "{}"
shape shape_internalcall 62..65 "def"
shape shape_string 66..71 "a-b_c"
shape shape_signature 72..74 "[]"
shape shape_closure 75..77 "{}"
ir main
  # 1 register, 18 instructions, 0 bytes of data
     0: load-literal           %0, empty
     1: drain                  %0
     2: load-literal           %0, empty
     3: load-literal           %0, empty
     4: load-literal           %0, empty
     5: drain                  %0
     6: load-literal           %0, empty
     7: load-literal           %0, empty
     8: load-literal           %0, empty
     9: drain                  %0
    10: load-literal           %0, empty
    11: load-literal           %0, empty
    12: load-literal           %0, empty
    13: drain                  %0
    14: load-literal           %0, empty
    15: load-literal           %0, empty
    16: load-literal           %0, empty
    17: return                 %0
ir #0
  # 1 register, 1 instruction, 0 bytes of data
     0: return                 %0
ir #1
  # 1 register, 1 instruction, 0 bytes of data
     0: return                 %0
ir #2
  # 1 register, 1 instruction, 0 bytes of data
     0: return                 %0
ir #3
  # 1 register, 1 instruction, 0 bytes of data
     0: return                 %0
ir #4
  # 1 register, 1 instruction, 0 bytes of data
     0: return                 %0
=== accept/def/nested-def.nu
shape shape_internalcall 0..3 "def"
shape shape_string 4..9 "outer"
shape shape_signature 10..12 "[]"
shape shape_closure 13..17 "{\n  "
shape shape_internalcall 17..20 "def"
shape shape_string 21..26 "inner"
shape shape_signature 27..29 "[]"
shape shape_closure 30..32 "{ "
shape shape_int 32..33 "1"
shape shape_closure 33..35 " }"
shape shape_internalcall 38..43 "inner"
shape shape_closure 43..45 "\n}"
ir main
  # 1 register, 2 instructions, 0 bytes of data
     0: load-literal           %0, empty
     1: return                 %0
ir #0
  # 1 register, 2 instructions, 0 bytes of data
     0: load-literal           %0, int(1)
     1: return                 %0
ir #1
  # 1 register, 8 instructions, 0 bytes of data
     0: load-literal           %0, empty
     1: drain                  %0
     2: load-literal           %0, empty
     3: load-literal           %0, empty
     4: redirect-out           caller
     5: redirect-err           caller
     6: call                   decl "inner", %0
     7: return                 %0
=== accept/def/param-defaults-of-every-kind.nu
shape shape_internalcall 0..3 "def"
shape shape_string 4..5 "f"
shape shape_signature 6..162 "[\n  a = 1\n  b = \"s\"\n  c = [1 2]\n  d = {x: 1}\n  e = null\n  f = true\n  g = 1kb\n  h = 2024-01-02\n  i = (1 + 1)\n  j = $\"x(1)\"\n  k = 0x[ff]\n  l = 1..3\n  m = -1\n]"
shape shape_closure 163..166 "{ }"
ir main
  # 1 register, 2 instructions, 0 bytes of data
     0: load-literal           %0, empty
     1: return                 %0
ir #4
  # 1 register, 1 instruction, 0 bytes of data
     0: return                 %0
=== accept/def/paren-signature.nu
shape shape_internalcall 0..3 "def"
shape shape_string 4..7 "foo"
shape shape_signature 8..13 "(a b)"
shape shape_closure 14..17 "{ }"
ir main
  # 1 register, 2 instructions, 0 bytes of data
     0: load-literal           %0, empty
     1: return                 %0
ir #0
  # 1 register, 1 instruction, 0 bytes of data
     0: return                 %0
=== accept/def/positional-params.nu
shape shape_internalcall 0..3 "def"
shape shape_string 4..7 "foo"
shape shape_signature 8..36 "[a b: int c?: string d? = 3]"
shape shape_closure 37..40 "{ }"
ir main
  # 1 register, 2 instructions, 0 bytes of data
     0: load-literal           %0, empty
     1: return                 %0
ir #0
  # 1 register, 1 instruction, 0 bytes of data
     0: return                 %0
=== accept/def/quoted-names.nu
shape shape_internalcall 0..3 "def"
shape shape_string 4..12 "\"my cmd\""
shape shape_signature 13..15 "[]"
shape shape_closure 16..19 "{ }"
shape shape_internalcall 20..23 "def"
shape shape_string 24..35 "'other cmd'"
shape shape_signature 36..38 "[]"
shape shape_closure 39..42 "{ }"
shape shape_internalcall 43..46 "def"
shape shape_string 47..58 "`third cmd`"
shape shape_signature 59..61 "[]"
shape shape_closure 62..65 "{ }"
ir main
  # 1 register, 10 instructions, 0 bytes of data
     0: load-literal           %0, empty
     1: drain                  %0
     2: load-literal           %0, empty
     3: load-literal           %0, empty
     4: load-literal           %0, empty
     5: drain                  %0
     6: load-literal           %0, empty
     7: load-literal           %0, empty
     8: load-literal           %0, empty
     9: return                 %0
ir #0
  # 1 register, 1 instruction, 0 bytes of data
     0: return                 %0
ir #1
  # 1 register, 1 instruction, 0 bytes of data
     0: return                 %0
ir #2
  # 1 register, 1 instruction, 0 bytes of data
     0: return                 %0
=== accept/def/record-before-body-ignored.nu
shape shape_internalcall 0..3 "def"
shape shape_string 4..7 "foo"
shape shape_signature 8..10 "[]"
shape shape_closure 18..20 "{}"
ir main
  # 1 register, 2 instructions, 0 bytes of data
     0: load-literal           %0, empty
     1: return                 %0
ir #0
  # 1 register, 1 instruction, 0 bytes of data
     0: return                 %0
=== accept/def/record-shaped-body.nu
shape shape_internalcall 0..3 "def"
shape shape_string 4..5 "q"
shape shape_signature 6..25 "[x: string, y: int]"
shape shape_closure 26..27 "{"
shape shape_external 27..29 "a:"
shape shape_record 30..31 "{"
shape shape_string 31..32 "a"
shape shape_record 32..34 ": "
shape shape_int 34..35 "1"
shape shape_record 35..36 "}"
shape shape_closure 36..37 "}"
ir main
  # 1 register, 2 instructions, 0 bytes of data
     0: load-literal           %0, empty
     1: return                 %0
ir #0
  # 5 registers, 11 instructions, 3 bytes of data
     0: load-literal           %1, glob-pattern("a:", no_expand = false)
     1: load-literal           %2, record(capacity = 1)
     2: load-literal           %3, string("a")
     3: load-literal           %4, int(1)
     4: record-insert          %2, %3, %4
     5: push-positional        %1
     6: push-positional        %2
     7: redirect-out           caller
     8: redirect-err           caller
     9: call                   decl "run-external", %0
    10: return                 %0
=== accept/def/recursive.nu
shape shape_internalcall 0..3 "def"
shape shape_string 4..5 "c"
shape shape_signature 6..8 "[]"
shape shape_closure 9..11 "{ "
shape shape_internalcall 11..12 "c"
shape shape_closure 12..14 " }"
shape shape_internalcall 15..18 "def"
shape shape_string 19..21 "px"
shape shape_signature 22..27 "[n=0]"
shape shape_block 28..30 "{ "
shape shape_internalcall 30..33 "let"
shape shape_vardecl 34..35 "l"
shape shape_variable 38..41 "$in"
shape shape_internalcall 43..45 "if"
shape shape_variable 46..48 "$n"
shape shape_operator 49..51 "=="
shape shape_int 52..53 "0"
shape shape_block 54..56 "{ "
shape shape_internalcall 56..62 "return"
shape shape_bool 63..68 "false"
shape shape_block 68..70 " }"
shape shape_keyword 71..75 "else"
shape shape_block 76..78 "{ "
shape shape_variable 78..80 "$l"
shape shape_pipe 81..82 "|"
shape shape_internalcall 83..85 "px"
shape shape_block 86..87 "("
shape shape_variable 87..89 "$n"
shape shape_operator 90..91 "-"
shape shape_int 92..93 "1"
shape shape_block 93..94 ")"
shape shape_block 94..96 " }"
shape shape_block 96..98 " }"
ir main
  # 1 register, 6 instructions, 0 bytes of data
     0: load-literal           %0, empty
     1: drain                  %0
     2: load-literal           %0, empty
     3: load-literal           %0, empty
     4: load-literal           %0, empty
     5: return                 %0
ir #0
  # 1 register, 4 instructions, 0 bytes of data
     0: redirect-out           caller
     1: redirect-err           caller
     2: call                   decl "c", %0
     3: return                 %0
ir #6
  # 4 registers, 30 instructions, 0 bytes of data
     0: collect                %0
     1: clone                  %1, %0
     2: store-variable         var #3, %1
     3: load-variable          %0, var #3
     4: store-variable         var #2, %0  # let
     5: load-literal           %0, empty
     6: drain                  %0
     7: load-literal           %0, empty
     8: load-literal           %0, empty
     9: load-variable          %2, var #1
    10: load-literal           %3, int(0)
    11: binary-op              %2, Comparison(Equal), %3
    12: span                   %2
    13: not                    %2
    14: branch-if              %2, 19      # if false
    15: load-literal           %0, bool(false) # label(0)
    16: return-early           %0
    17: load-literal           %0, empty
    18: jump                   28          # end if
    19: load-variable          %0, var #2  # label(1), from(14:)
    20: load-variable          %2, var #1
    21: load-literal           %3, int(1)
    22: binary-op              %2, Math(Subtract), %3
    23: span                   %2
    24: push-positional        %2
    25: redirect-out           caller
    26: redirect-err           caller
    27: call                   decl "px", %0
    28: drop-variable          var #3      # label(2), from(18:)
    29: return                 %0
=== accept/def/reserved-param-names-in-extern.nu
shape shape_internalcall 0..6 "extern"
shape shape_string 7..10 "cmd"
shape shape_signature 11..22 "[in, --env]"
shape shape_internalcall 23..36 "export extern"
shape shape_string 37..41 "cmd2"
shape shape_signature 42..60 "(in, --env, ...nu)"
shape shape_internalcall 61..67 "extern"
shape shape_string 68..72 "cmd3"
shape shape_signature 73..88 "[in: bool=true]"
ir main
  # 3 registers, 24 instructions, 11 bytes of data
     0: load-literal           %1, string("cmd")
     1: load-literal           %2, empty
     2: push-positional        %1
     3: push-positional        %2
     4: call                   decl "extern", %0
     5: drain                  %0
     6: load-literal           %0, empty
     7: load-literal           %0, empty
     8: load-literal           %1, string("cmd2")
     9: load-literal           %2, empty
    10: push-positional        %1
    11: push-positional        %2
    12: call                   decl "export extern", %0
    13: drain                  %0
    14: load-literal           %0, empty
    15: load-literal           %0, empty
    16: load-literal           %1, string("cmd3")
    17: load-literal           %2, empty
    18: push-positional        %1
    19: push-positional        %2
    20: redirect-out           caller
    21: redirect-err           caller
    22: call                   decl "extern", %0
    23: return                 %0
=== accept/def/rest-param.nu
shape shape_internalcall 0..3 "def"
shape shape_string 4..7 "foo"
shape shape_signature 8..22 "[...rest: int]"
shape shape_closure 23..25 "{ "
shape shape_variable 25..30 "$rest"
shape shape_pipe 31..32 "|"
shape shape_internalcall 33..39 "length"
shape shape_closure 39..41 " }"
shape shape_internalcall 42..45 "def"
shape shape_string 46..49 "bar"
shape shape_signature 50..61 "[a ...rest]"
shape shape_closure 62..65 "{ }"
ir main
  # 1 register, 6 instructions, 0 bytes of data
     0: load-literal           %0, empty
     1: drain                  %0
     2: load-literal           %0, empty
     3: load-literal           %0, empty
     4: load-literal           %0, empty
     5: return                 %0
ir #0
  # 1 register, 5 instructions, 0 bytes of data
     0: load-variable          %0, var #3
     1: redirect-out           caller
     2: redirect-err           caller
     3: call                   decl "length", %0
     4: return                 %0
ir #1
  # 1 register, 1 instruction, 0 bytes of data
     0: return                 %0
=== accept/def/same-name-def-and-alias.nu
shape shape_internalcall 0..3 "def"
shape shape_string 4..7 "foo"
shape shape_signature 8..10 "[]"
shape shape_closure 11..13 "{}"
shape shape_internalcall 14..19 "alias"
shape shape_string 20..23 "foo"
shape shape_keyword 24..25 "="
shape shape_internalcall 26..28 "ls"
ir main
  # 1 register, 6 instructions, 0 bytes of data
     0: load-literal           %0, empty
     1: drain                  %0
     2: load-literal           %0, empty
     3: load-literal           %0, empty
     4: load-literal           %0, empty
     5: return                 %0
ir #0
  # 1 register, 1 instruction, 0 bytes of data
     0: return                 %0
=== accept/def/same-name-in-module-and-block.nu
shape shape_internalcall 0..6 "module"
shape shape_string 7..8 "a"
shape shape_block 9..11 "{ "
shape shape_internalcall 11..21 "export def"
shape shape_string 22..25 "foo"
shape shape_signature 26..28 "[]"
shape shape_closure 29..31 "{}"
shape shape_block 31..33 " }"
shape shape_internalcall 34..37 "def"
shape shape_string 38..41 "foo"
shape shape_signature 42..44 "[]"
shape shape_closure 45..47 "{}"
ir main
  # 3 registers, 10 instructions, 1 byte of data
     0: load-literal           %1, string("a")
     1: load-literal           %2, block(#1)
     2: push-positional        %1
     3: push-positional        %2
     4: call                   decl "module", %0
     5: drain                  %0
     6: load-literal           %0, empty
     7: load-literal           %0, empty
     8: load-literal           %0, empty
     9: return                 %0
ir #0
  # 1 register, 1 instruction, 0 bytes of data
     0: return                 %0
ir #2
  # 1 register, 1 instruction, 0 bytes of data
     0: return                 %0
=== accept/def/same-name-in-nested-block.nu
shape shape_internalcall 0..3 "def"
shape shape_string 4..7 "foo"
shape shape_signature 8..10 "[]"
shape shape_closure 11..13 "{ "
shape shape_internalcall 13..16 "def"
shape shape_string 17..20 "foo"
shape shape_signature 21..23 "[]"
shape shape_closure 24..26 "{}"
shape shape_closure 26..28 " }"
ir main
  # 1 register, 2 instructions, 0 bytes of data
     0: load-literal           %0, empty
     1: return                 %0
ir #0
  # 1 register, 1 instruction, 0 bytes of data
     0: return                 %0
ir #1
  # 1 register, 2 instructions, 0 bytes of data
     0: load-literal           %0, empty
     1: return                 %0
=== accept/def/shadow-builtin-name.nu
shape shape_internalcall 0..3 "def"
shape shape_string 4..6 "ls"
shape shape_signature 7..9 "[]"
shape shape_closure 10..12 "{ "
shape shape_string 12..16 "'hi'"
shape shape_closure 16..18 " }"
shape shape_internalcall 19..22 "def"
shape shape_string 23..27 "echo"
shape shape_signature 28..30 "[]"
shape shape_closure 31..33 "{ "
shape shape_string 33..43 "'shadowed'"
shape shape_closure 43..45 " }"
ir main
  # 1 register, 6 instructions, 0 bytes of data
     0: load-literal           %0, empty
     1: drain                  %0
     2: load-literal           %0, empty
     3: load-literal           %0, empty
     4: load-literal           %0, empty
     5: return                 %0
ir #0
  # 1 register, 2 instructions, 2 bytes of data
     0: load-literal           %0, string("hi")
     1: return                 %0
ir #1
  # 1 register, 2 instructions, 8 bytes of data
     0: load-literal           %0, string("shadowed")
     1: return                 %0
=== accept/def/signature-multiline-with-trailing-commas.nu
shape shape_internalcall 0..3 "def"
shape shape_string 4..7 "foo"
shape shape_signature 8..31 "[\n  a: int,\n  b: int,\n]"
shape shape_closure 32..35 "{ }"
ir main
  # 1 register, 2 instructions, 0 bytes of data
     0: load-literal           %0, empty
     1: return                 %0
ir #0
  # 1 register, 1 instruction, 0 bytes of data
     0: return                 %0
=== accept/def/signature-newlines-between-parts.nu
shape shape_internalcall 0..3 "def"
shape shape_string 4..7 "foo"
shape shape_signature 8..33 "[\n  a\n  :\n  int\n  =\n  3\n]"
shape shape_closure 34..37 "{ }"
ir main
  # 1 register, 2 instructions, 0 bytes of data
     0: load-literal           %0, empty
     1: return                 %0
ir #0
  # 1 register, 1 instruction, 0 bytes of data
     0: return                 %0
=== accept/def/stray-colon-is-ignored.nu
shape shape_internalcall 0..3 "def"
shape shape_string 4..7 "foo"
shape shape_signature 8..15 "[: int]"
shape shape_closure 16..19 "{ }"
ir main
  # 1 register, 2 instructions, 0 bytes of data
     0: load-literal           %0, empty
     1: return                 %0
ir #0
  # 1 register, 1 instruction, 0 bytes of data
     0: return                 %0
=== accept/def/stray-equals-is-ignored.nu
shape shape_internalcall 0..3 "def"
shape shape_string 4..7 "foo"
shape shape_signature 8..13 "[= 1]"
shape shape_closure 14..17 "{ }"
ir main
  # 1 register, 2 instructions, 0 bytes of data
     0: load-literal           %0, empty
     1: return                 %0
ir #0
  # 1 register, 1 instruction, 0 bytes of data
     0: return                 %0
=== accept/def/unparsed-block-before-body.nu
shape shape_internalcall 0..3 "def"
shape shape_string 4..7 "foo"
shape shape_signature 8..10 "[]"
shape shape_closure 18..20 "{}"
ir main
  # 1 register, 2 instructions, 0 bytes of data
     0: load-literal           %0, empty
     1: return                 %0
ir #0
  # 1 register, 1 instruction, 0 bytes of data
     0: return                 %0
=== accept/def/wrapped-call-before-definition.nu
shape shape_internalcall 64..65 "f"
shape shape_externalarg 66..70 "'x'$"
shape shape_internalcall 71..74 "def"
shape shape_flag 75..84 "--wrapped"
shape shape_string 85..86 "f"
shape shape_signature 87..96 "[...rest]"
shape shape_closure 97..99 "{}"
ir main
  # 2 registers, 8 instructions, 2 bytes of data
     0: load-literal           %1, glob-pattern("x$", no_expand = false)
     1: push-positional        %1
     2: call                   decl "f", %0
     3: drain                  %0
     4: load-literal           %0, empty
     5: load-literal           %0, empty
     6: load-literal           %0, empty
     7: return                 %0
ir #0
  # 1 register, 1 instruction, 0 bytes of data
     0: return                 %0
=== accept/def/wrapped-flag.nu
shape shape_internalcall 0..3 "def"
shape shape_flag 4..13 "--wrapped"
shape shape_string 14..18 "wrap"
shape shape_signature 19..28 "[...args]"
shape shape_closure 29..32 "{ ^"
shape shape_external 32..36 "echo"
shape shape_operator 37..40 "..."
shape shape_variable 40..45 "$args"
shape shape_closure 45..47 " }"
ir main
  # 1 register, 2 instructions, 0 bytes of data
     0: load-literal           %0, empty
     1: return                 %0
ir #0
  # 3 registers, 8 instructions, 4 bytes of data
     0: load-literal           %1, glob-pattern("echo", no_expand = false)
     1: load-variable          %2, var #1
     2: push-positional        %1
     3: append-rest            %2
     4: redirect-out           caller
     5: redirect-err           caller
     6: call                   decl "run-external", %0
     7: return                 %0
=== accept/def/wrapped-rest-string.nu
shape shape_internalcall 0..3 "def"
shape shape_flag 4..13 "--wrapped"
shape shape_string 14..17 "foo"
shape shape_signature 18..35 "[...rest: string]"
shape shape_closure 36..38 "{}"
ir main
  # 1 register, 2 instructions, 0 bytes of data
     0: load-literal           %0, empty
     1: return                 %0
ir #0
  # 1 register, 1 instruction, 0 bytes of data
     0: return                 %0
=== accept/def/wrapped-untyped-rest-takes-external-arguments.nu
shape shape_internalcall 166..169 "def"
shape shape_flag 170..179 "--wrapped"
shape shape_string 180..181 "f"
shape shape_signature 182..191 "[...rest]"
shape shape_closure 192..195 "{ ^"
shape shape_external 195..199 "echo"
shape shape_operator 200..203 "..."
shape shape_variable 203..208 "$rest"
shape shape_closure 208..210 " }"
shape shape_internalcall 211..212 "f"
shape shape_externalarg 213..215 "-e"
shape shape_externalarg 216..220 "'x'$"
shape shape_externalarg 221..224 "0b2"
ir main
  # 4 registers, 14 instructions, 7 bytes of data
     0: load-literal           %0, empty
     1: drain                  %0
     2: load-literal           %0, empty
     3: load-literal           %0, empty
     4: load-literal           %1, glob-pattern("-e", no_expand = false)
     5: load-literal           %2, glob-pattern("x$", no_expand = false)
     6: load-literal           %3, glob-pattern("0b2", no_expand = false)
     7: push-positional        %1
     8: push-positional        %2
     9: push-positional        %3
    10: redirect-out           caller
    11: redirect-err           caller
    12: call                   decl "f", %0
    13: return                 %0
ir #0
  # 3 registers, 8 instructions, 4 bytes of data
     0: load-literal           %1, glob-pattern("echo", no_expand = false)
     1: load-variable          %2, var #1
     2: push-positional        %1
     3: append-rest            %2
     4: redirect-out           caller
     5: redirect-err           caller
     6: call                   decl "run-external", %0
     7: return                 %0
