=== accept/where/brace-with-tail-is-row-condition.nu
shape shape_list 115..116 "["
shape shape_int 116..117 "0"
shape shape_list 117..118 " "
shape shape_int 118..119 "1"
shape shape_list 119..120 " "
shape shape_int 120..121 "2"
shape shape_list 121..122 "]"
shape shape_pipe 123..124 "|"
shape shape_internalcall 125..130 "where"
shape shape_record 131..133 "{}"
shape shape_string 134..135 "a"
ir main
  # 2 registers, 13 instructions, 0 bytes of data
     0: load-literal           %0, list(capacity = 3)
     1: load-literal           %1, int(0)
     2: list-push              %0, %1
     3: load-literal           %1, int(1)
     4: list-push              %0, %1
     5: load-literal           %1, int(2)
     6: list-push              %0, %1
     7: load-literal           %1, row_condition(#1)
     8: push-positional        %1
     9: redirect-out           caller
    10: redirect-err           caller
    11: call                   decl "where", %0
    12: return                 %0
=== accept/where/closure.nu
shape shape_list 0..1 "["
shape shape_int 1..2 "1"
shape shape_list 2..3 " "
shape shape_int 3..4 "2"
shape shape_list 4..5 " "
shape shape_int 5..6 "3"
shape shape_list 6..7 "]"
shape shape_pipe 8..9 "|"
shape shape_internalcall 10..15 "where"
shape shape_block 16..21 "{|x| "
shape shape_variable 21..23 "$x"
shape shape_operator 24..25 ">"
shape shape_int 26..27 "1"
shape shape_block 27..29 " }"
shape shape_list 30..31 "["
shape shape_int 31..32 "1"
shape shape_list 32..33 " "
shape shape_int 33..34 "2"
shape shape_list 34..35 " "
shape shape_int 35..36 "3"
shape shape_list 36..37 "]"
shape shape_pipe 38..39 "|"
shape shape_internalcall 40..45 "where"
shape shape_block 46..48 "{ "
shape shape_variable 48..51 "$in"
shape shape_operator 52..53 ">"
shape shape_int 54..55 "1"
shape shape_block 55..57 " }"
ir main
  # 2 registers, 25 instructions, 0 bytes of data
     0: load-literal           %0, list(capacity = 3)
     1: load-literal           %1, int(1)
     2: list-push              %0, %1
     3: load-literal           %1, int(2)
     4: list-push              %0, %1
     5: load-literal           %1, int(3)
     6: list-push              %0, %1
     7: load-literal           %1, row_condition(#0)
     8: push-positional        %1
     9: call                   decl "where", %0
    10: drain                  %0
    11: load-literal           %0, empty
    12: load-literal           %0, list(capacity = 3)
    13: load-literal           %1, int(1)
    14: list-push              %0, %1
    15: load-literal           %1, int(2)
    16: list-push              %0, %1
    17: load-literal           %1, int(3)
    18: list-push              %0, %1
    19: load-literal           %1, row_condition(#2)
    20: push-positional        %1
    21: redirect-out           caller
    22: redirect-err           caller
    23: call                   decl "where", %0
    24: return                 %0
ir #0
  # 2 registers, 5 instructions, 0 bytes of data
     0: load-variable          %0, var #0
     1: load-literal           %1, int(1)
     2: binary-op              %0, Comparison(GreaterThan), %1
     3: span                   %0
     4: return                 %0
ir #2
  # 3 registers, 9 instructions, 0 bytes of data
     0: collect                %0
     1: clone                  %1, %0
     2: store-variable         var #1, %1
     3: load-variable          %0, var #1
     4: load-literal           %2, int(1)
     5: binary-op              %0, Comparison(GreaterThan), %2
     6: span                   %0
     7: drop-variable          var #1
     8: return                 %0
=== accept/where/help-flag.nu
shape shape_internalcall 0..5 "where"
shape shape_flag 6..12 "--help"
ir main
  # 2 registers, 5 instructions, 17 bytes of data
     0: load-literal           %1, string("where")
     1: push-positional        %1
     2: push-parser-info       "help_decl_id"
     3: call                   decl "help", %0
     4: return                 %0
=== accept/where/in-subexpression.nu
shape shape_block 0..1 "("
shape shape_internalcall 1..3 "ls"
shape shape_pipe 4..5 "|"
shape shape_internalcall 6..11 "where"
shape shape_string 12..16 "size"
shape shape_variable 12..16 "size"
shape shape_operator 17..18 ">"
shape shape_int 19..20 "1"
shape shape_string 20..22 "kb"
shape shape_pipe 23..24 "|"
shape shape_internalcall 25..31 "length"
shape shape_block 31..32 ")"
ir main
  # 2 registers, 10 instructions, 0 bytes of data
     0: redirect-out           pipe
     1: call                   decl "ls", %0
     2: load-literal           %1, row_condition(#0)
     3: push-positional        %1
     4: redirect-out           pipe
     5: call                   decl "where", %0
     6: redirect-out           caller
     7: redirect-err           caller
     8: call                   decl "length", %0
     9: return                 %0
=== accept/where/interpolation-condition.nu
shape shape_internalcall 0..3 "let"
shape shape_vardecl 4..8 "name"
shape shape_string 11..16 "\"foo\""
shape shape_list 17..18 "["
shape shape_string 18..21 "foo"
shape shape_list 21..22 "]"
shape shape_pipe 23..24 "|"
shape shape_internalcall 25..30 "where"
shape shape_string_interpolation 31..33 "$'"
shape shape_block 33..34 "("
shape shape_variable 34..39 "$name"
shape shape_block 39..40 ")"
shape shape_string_interpolation 40..41 "'"
shape shape_operator 42..44 "=~"
shape shape_variable 45..48 "$it"
ir main
  # 2 registers, 14 instructions, 6 bytes of data
     0: load-literal           %0, string("foo")
     1: store-variable         var #0 "$name", %0 # let
     2: load-literal           %0, empty
     3: drain                  %0
     4: load-literal           %0, empty
     5: load-literal           %0, list(capacity = 1)
     6: load-literal           %1, string("foo")
     7: list-push              %0, %1
     8: load-literal           %1, row_condition(#2)
     9: push-positional        %1
    10: redirect-out           caller
    11: redirect-err           caller
    12: call                   decl "where", %0
    13: return                 %0
=== accept/where/it-variable.nu
shape shape_list 0..1 "["
shape shape_string 1..4 "Moe"
shape shape_list 4..5 " "
shape shape_string 5..10 "Larry"
shape shape_list 10..11 " "
shape shape_string 11..16 "Curly"
shape shape_list 16..17 "]"
shape shape_pipe 18..19 "|"
shape shape_internalcall 20..25 "where"
shape shape_variable 26..29 "$it"
shape shape_operator 30..41 "starts-with"
shape shape_string 42..43 "L"
shape shape_list 44..45 "["
shape shape_string 45..48 "Moe"
shape shape_list 48..49 " "
shape shape_string 49..54 "Larry"
shape shape_list 54..55 " "
shape shape_string 55..60 "Curly"
shape shape_list 60..61 "]"
shape shape_pipe 62..63 "|"
shape shape_internalcall 64..69 "where"
shape shape_variable 70..73 "$it"
shape shape_operator 74..89 "not-starts-with"
shape shape_string 90..91 "L"
shape shape_list 92..93 "["
shape shape_string 93..96 "Moe"
shape shape_list 96..97 " "
shape shape_string 97..102 "Larry"
shape shape_list 102..103 " "
shape shape_string 103..108 "Curly"
shape shape_list 108..109 "]"
shape shape_pipe 110..111 "|"
shape shape_internalcall 112..117 "where"
shape shape_variable 118..121 "$it"
shape shape_operator 122..131 "ends-with"
shape shape_string 132..134 "ly"
shape shape_list 135..136 "["
shape shape_string 136..139 "Moe"
shape shape_list 139..140 " "
shape shape_string 140..145 "Larry"
shape shape_list 145..146 " "
shape shape_string 146..151 "Curly"
shape shape_list 151..152 "]"
shape shape_pipe 153..154 "|"
shape shape_internalcall 155..160 "where"
shape shape_variable 161..164 "$it"
shape shape_operator 165..178 "not-ends-with"
shape shape_string 179..180 "y"
shape shape_list 181..182 "["
shape shape_int 182..183 "1"
shape shape_list 183..184 " "
shape shape_int 184..185 "2"
shape shape_list 185..186 " "
shape shape_int 186..187 "3"
shape shape_list 187..188 "]"
shape shape_pipe 189..190 "|"
shape shape_internalcall 191..196 "where"
shape shape_variable 197..200 "$it"
shape shape_operator 201..202 ">"
shape shape_int 203..204 "1"
ir main
  # 2 registers, 61 instructions, 52 bytes of data
     0: load-literal           %0, list(capacity = 3)
     1: load-literal           %1, string("Moe")
     2: list-push              %0, %1
     3: load-literal           %1, string("Larry")
     4: list-push              %0, %1
     5: load-literal           %1, string("Curly")
     6: list-push              %0, %1
     7: load-literal           %1, row_condition(#0)
     8: push-positional        %1
     9: call                   decl "where", %0
    10: drain                  %0
    11: load-literal           %0, empty
    12: load-literal           %0, list(capacity = 3)
    13: load-literal           %1, string("Moe")
    14: list-push              %0, %1
    15: load-literal           %1, string("Larry")
    16: list-push              %0, %1
    17: load-literal           %1, string("Curly")
    18: list-push              %0, %1
    19: load-literal           %1, row_condition(#1)
    20: push-positional        %1
    21: call                   decl "where", %0
    22: drain                  %0
    23: load-literal           %0, empty
    24: load-literal           %0, list(capacity = 3)
    25: load-literal           %1, string("Moe")
    26: list-push              %0, %1
    27: load-literal           %1, string("Larry")
    28: list-push              %0, %1
    29: load-literal           %1, string("Curly")
    30: list-push              %0, %1
    31: load-literal           %1, row_condition(#2)
    32: push-positional        %1
    33: call                   decl "where", %0
    34: drain                  %0
    35: load-literal           %0, empty
    36: load-literal           %0, list(capacity = 3)
    37: load-literal           %1, string("Moe")
    38: list-push              %0, %1
    39: load-literal           %1, string("Larry")
    40: list-push              %0, %1
    41: load-literal           %1, string("Curly")
    42: list-push              %0, %1
    43: load-literal           %1, row_condition(#3)
    44: push-positional        %1
    45: call                   decl "where", %0
    46: drain                  %0
    47: load-literal           %0, empty
    48: load-literal           %0, list(capacity = 3)
    49: load-literal           %1, int(1)
    50: list-push              %0, %1
    51: load-literal           %1, int(2)
    52: list-push              %0, %1
    53: load-literal           %1, int(3)
    54: list-push              %0, %1
    55: load-literal           %1, row_condition(#4)
    56: push-positional        %1
    57: redirect-out           caller
    58: redirect-err           caller
    59: call                   decl "where", %0
    60: return                 %0
=== accept/where/nested-in-closure.nu
shape shape_list 0..1 "["
shape shape_list 1..2 "["
shape shape_int 2..3 "1"
shape shape_list 3..4 " "
shape shape_int 4..5 "2"
shape shape_list 5..6 "]"
shape shape_list 6..7 " "
shape shape_list 7..8 "["
shape shape_int 8..9 "3"
shape shape_list 9..10 " "
shape shape_int 10..11 "4"
shape shape_list 11..12 "]"
shape shape_list 12..13 "]"
shape shape_pipe 14..15 "|"
shape shape_internalcall 16..20 "each"
shape shape_closure 21..29 "{ |row| "
shape shape_variable 29..33 "$row"
shape shape_pipe 34..35 "|"
shape shape_internalcall 36..41 "where"
shape shape_variable 42..45 "$it"
shape shape_operator 46..47 ">"
shape shape_int 48..49 "1"
shape shape_closure 49..51 " }"
ir main
  # 3 registers, 19 instructions, 0 bytes of data
     0: load-literal           %0, list(capacity = 2)
     1: load-literal           %1, list(capacity = 2)
     2: load-literal           %2, int(1)
     3: list-push              %1, %2
     4: load-literal           %2, int(2)
     5: list-push              %1, %2
     6: list-push              %0, %1
     7: load-literal           %1, list(capacity = 2)
     8: load-literal           %2, int(3)
     9: list-push              %1, %2
    10: load-literal           %2, int(4)
    11: list-push              %1, %2
    12: list-push              %0, %1
    13: load-literal           %1, closure(#1)
    14: push-positional        %1
    15: redirect-out           caller
    16: redirect-err           caller
    17: call                   decl "each", %0
    18: return                 %0
ir #1
  # 2 registers, 7 instructions, 0 bytes of data
     0: load-variable          %0, var #0
     1: load-literal           %1, row_condition(#0)
     2: push-positional        %1
     3: redirect-out           caller
     4: redirect-err           caller
     5: call                   decl "where", %0
     6: return                 %0
=== accept/where/row-condition-bare-column.nu
shape shape_table 0..2 "[["
shape shape_string 2..3 "a"
shape shape_table 3..5 ", "
shape shape_string 5..6 "b"
shape shape_table 6..10 "]; ["
shape shape_bool 10..14 "true"
shape shape_table 14..16 ", "
shape shape_bool 16..21 "false"
shape shape_table 21..25 "], ["
shape shape_bool 25..29 "true"
shape shape_table 29..31 ", "
shape shape_bool 31..35 "true"
shape shape_table 35..37 "]]"
shape shape_pipe 38..39 "|"
shape shape_internalcall 40..45 "where"
shape shape_string 46..47 "a"
shape shape_variable 46..47 "a"
ir main
  # 6 registers, 27 instructions, 2 bytes of data
     0: load-literal           %0, list(capacity = 2)
     1: load-literal           %1, string("a")
     2: load-literal           %2, string("b")
     3: load-literal           %3, record(capacity = 2)
     4: clone                  %4, %1
     5: load-literal           %5, bool(true)
     6: record-insert          %3, %4, %5
     7: clone                  %4, %2
     8: load-literal           %5, bool(false)
     9: record-insert          %3, %4, %5
    10: list-push              %0, %3
    11: load-literal           %3, record(capacity = 2)
    12: clone                  %4, %1
    13: load-literal           %5, bool(true)
    14: record-insert          %3, %4, %5
    15: clone                  %4, %2
    16: load-literal           %5, bool(true)
    17: record-insert          %3, %4, %5
    18: list-push              %0, %3
    19: drop                   %1
    20: drop                   %2
    21: load-literal           %1, row_condition(#0)
    22: push-positional        %1
    23: redirect-out           caller
    24: redirect-err           caller
    25: call                   decl "where", %0
    26: return                 %0
=== accept/where/row-condition-cell-path.nu
shape shape_list 0..1 "["
shape shape_record 1..2 "{"
shape shape_string 2..6 "name"
shape shape_record 6..8 ": "
shape shape_record 8..9 "{"
shape shape_string 9..14 "first"
shape shape_record 14..16 ": "
shape shape_string 16..17 "a"
shape shape_record 17..18 "}"
shape shape_record 18..19 "}"
shape shape_list 19..20 "]"
shape shape_pipe 21..22 "|"
shape shape_internalcall 23..28 "where"
shape shape_string 29..33 "name"
shape shape_variable 29..33 "name"
shape shape_string 34..39 "first"
shape shape_operator 40..42 "=="
shape shape_string 43..46 "'a'"
ir main
  # 6 registers, 15 instructions, 10 bytes of data
     0: load-literal           %0, list(capacity = 1)
     1: load-literal           %1, record(capacity = 1)
     2: load-literal           %2, string("name")
     3: load-literal           %3, record(capacity = 1)
     4: load-literal           %4, string("first")
     5: load-literal           %5, string("a")
     6: record-insert          %3, %4, %5
     7: record-insert          %1, %2, %3
     8: list-push              %0, %1
     9: load-literal           %1, row_condition(#0)
    10: push-positional        %1
    11: redirect-out           caller
    12: redirect-err           caller
    13: call                   decl "where", %0
    14: return                 %0
=== accept/where/row-condition-chain.nu
shape shape_internalcall 0..2 "ls"
shape shape_pipe 3..4 "|"
shape shape_internalcall 5..10 "where"
shape shape_string 11..15 "size"
shape shape_variable 11..15 "size"
shape shape_operator 16..17 ">"
shape shape_int 18..19 "1"
shape shape_string 19..21 "kb"
shape shape_operator 22..25 "and"
shape shape_string 26..30 "name"
shape shape_variable 26..30 "name"
shape shape_operator 31..33 "=~"
shape shape_string 34..37 "'x'"
shape shape_operator 38..40 "or"
shape shape_operator 41..44 "not"
shape shape_string 45..51 "active"
ir main
  # 2 registers, 8 instructions, 0 bytes of data
     0: redirect-out           pipe
     1: call                   decl "ls", %0
     2: load-literal           %1, row_condition(#0)
     3: push-positional        %1
     4: redirect-out           caller
     5: redirect-err           caller
     6: call                   decl "where", %0
     7: return                 %0
=== accept/where/row-condition-not-column.nu
shape shape_table 0..2 "[["
shape shape_string 2..6 "name"
shape shape_table 6..8 ", "
shape shape_string 8..15 "present"
shape shape_table 15..19 "]; ["
shape shape_string 19..22 "abc"
shape shape_table 22..24 ", "
shape shape_bool 24..28 "true"
shape shape_table 28..32 "], ["
shape shape_string 32..35 "def"
shape shape_table 35..37 ", "
shape shape_bool 37..42 "false"
shape shape_table 42..44 "]]"
shape shape_pipe 45..46 "|"
shape shape_internalcall 47..52 "where"
shape shape_operator 53..56 "not"
shape shape_string 57..64 "present"
shape shape_variable 57..64 "present"
ir main
  # 6 registers, 27 instructions, 17 bytes of data
     0: load-literal           %0, list(capacity = 2)
     1: load-literal           %1, string("name")
     2: load-literal           %2, string("present")
     3: load-literal           %3, record(capacity = 2)
     4: clone                  %4, %1
     5: load-literal           %5, string("abc")
     6: record-insert          %3, %4, %5
     7: clone                  %4, %2
     8: load-literal           %5, bool(true)
     9: record-insert          %3, %4, %5
    10: list-push              %0, %3
    11: load-literal           %3, record(capacity = 2)
    12: clone                  %4, %1
    13: load-literal           %5, string("def")
    14: record-insert          %3, %4, %5
    15: clone                  %4, %2
    16: load-literal           %5, bool(false)
    17: record-insert          %3, %4, %5
    18: list-push              %0, %3
    19: drop                   %1
    20: drop                   %2
    21: load-literal           %1, row_condition(#0)
    22: push-positional        %1
    23: redirect-out           caller
    24: redirect-err           caller
    25: call                   decl "where", %0
    26: return                 %0
=== accept/where/row-condition-with-if.nu
shape shape_list 0..1 "["
shape shape_int 1..2 "1"
shape shape_list 2..3 " "
shape shape_int 3..4 "2"
shape shape_list 4..5 " "
shape shape_int 5..6 "3"
shape shape_list 6..7 "]"
shape shape_pipe 8..9 "|"
shape shape_internalcall 10..15 "where"
shape shape_block 16..17 "("
shape shape_internalcall 17..19 "if"
shape shape_variable 20..23 "$it"
shape shape_operator 24..25 ">"
shape shape_int 26..27 "1"
shape shape_block 28..30 "{ "
shape shape_bool 30..34 "true"
shape shape_block 34..36 " }"
shape shape_keyword 37..41 "else"
shape shape_block 42..44 "{ "
shape shape_bool 44..49 "false"
shape shape_block 49..51 " }"
shape shape_block 51..52 ")"
ir main
  # 2 registers, 13 instructions, 0 bytes of data
     0: load-literal           %0, list(capacity = 3)
     1: load-literal           %1, int(1)
     2: list-push              %0, %1
     3: load-literal           %1, int(2)
     4: list-push              %0, %1
     5: load-literal           %1, int(3)
     6: list-push              %0, %1
     7: load-literal           %1, row_condition(#3)
     8: push-positional        %1
     9: redirect-out           caller
    10: redirect-err           caller
    11: call                   decl "where", %0
    12: return                 %0
=== accept/where/row-condition.nu
shape shape_internalcall 0..2 "ls"
shape shape_pipe 3..4 "|"
shape shape_internalcall 5..10 "where"
shape shape_string 11..15 "size"
shape shape_variable 11..15 "size"
shape shape_operator 16..17 ">"
shape shape_int 18..19 "1"
shape shape_string 19..21 "kb"
ir main
  # 2 registers, 8 instructions, 0 bytes of data
     0: redirect-out           pipe
     1: call                   decl "ls", %0
     2: load-literal           %1, row_condition(#0)
     3: push-positional        %1
     4: redirect-out           caller
     5: redirect-err           caller
     6: call                   decl "where", %0
     7: return                 %0
=== accept/where/short-help-flag.nu
shape shape_internalcall 0..5 "where"
shape shape_flag 6..8 "-h"
ir main
  # 2 registers, 5 instructions, 17 bytes of data
     0: load-literal           %1, string("where")
     1: push-positional        %1
     2: push-parser-info       "help_decl_id"
     3: call                   decl "help", %0
     4: return                 %0
=== accept/where/subexpression-condition.nu
shape shape_table 0..2 "[["
shape shape_string 2..3 "a"
shape shape_table 3..7 "]; ["
shape shape_int 7..8 "1"
shape shape_table 8..10 "]]"
shape shape_pipe 11..12 "|"
shape shape_internalcall 13..18 "where"
shape shape_block 19..20 "("
shape shape_variable 20..23 "$it"
shape shape_string 24..25 "a"
shape shape_pipe 26..27 "|"
shape shape_internalcall 28..37 "into bool"
shape shape_block 37..38 ")"
ir main
  # 5 registers, 14 instructions, 1 byte of data
     0: load-literal           %0, list(capacity = 1)
     1: load-literal           %1, string("a")
     2: load-literal           %2, record(capacity = 1)
     3: clone                  %3, %1
     4: load-literal           %4, int(1)
     5: record-insert          %2, %3, %4
     6: list-push              %0, %2
     7: drop                   %1
     8: load-literal           %1, row_condition(#1)
     9: push-positional        %1
    10: redirect-out           caller
    11: redirect-err           caller
    12: call                   decl "where", %0
    13: return                 %0
